Archive member included to satisfy reference by file (symbol)

c:/st/stm32cubeide_1.11.0/stm32cubeide/plugins/com.st.stm32cube.ide.mcu.externaltools.gnu-tools-for-stm32.10.3-2021.10.win32_1.0.100.202210260954/tools/bin/../lib/gcc/arm-none-eabi/10.3.1/../../../../arm-none-eabi/lib/thumb/v7e-m+dp/hard\libc_nano.a(lib_a-errno.o)
                              ./Core/Src/syscalls.o (__errno)
c:/st/stm32cubeide_1.11.0/stm32cubeide/plugins/com.st.stm32cube.ide.mcu.externaltools.gnu-tools-for-stm32.10.3-2021.10.win32_1.0.100.202210260954/tools/bin/../lib/gcc/arm-none-eabi/10.3.1/../../../../arm-none-eabi/lib/thumb/v7e-m+dp/hard\libc_nano.a(lib_a-exit.o)
                              c:/st/stm32cubeide_1.11.0/stm32cubeide/plugins/com.st.stm32cube.ide.mcu.externaltools.gnu-tools-for-stm32.10.3-2021.10.win32_1.0.100.202210260954/tools/bin/../lib/gcc/arm-none-eabi/10.3.1/../../../../arm-none-eabi/lib/thumb/v7e-m+dp/hard/crt0.o (exit)
c:/st/stm32cubeide_1.11.0/stm32cubeide/plugins/com.st.stm32cube.ide.mcu.externaltools.gnu-tools-for-stm32.10.3-2021.10.win32_1.0.100.202210260954/tools/bin/../lib/gcc/arm-none-eabi/10.3.1/../../../../arm-none-eabi/lib/thumb/v7e-m+dp/hard\libc_nano.a(lib_a-impure.o)
                              c:/st/stm32cubeide_1.11.0/stm32cubeide/plugins/com.st.stm32cube.ide.mcu.externaltools.gnu-tools-for-stm32.10.3-2021.10.win32_1.0.100.202210260954/tools/bin/../lib/gcc/arm-none-eabi/10.3.1/../../../../arm-none-eabi/lib/thumb/v7e-m+dp/hard\libc_nano.a(lib_a-exit.o) (_global_impure_ptr)
c:/st/stm32cubeide_1.11.0/stm32cubeide/plugins/com.st.stm32cube.ide.mcu.externaltools.gnu-tools-for-stm32.10.3-2021.10.win32_1.0.100.202210260954/tools/bin/../lib/gcc/arm-none-eabi/10.3.1/../../../../arm-none-eabi/lib/thumb/v7e-m+dp/hard\libc_nano.a(lib_a-init.o)
                              c:/st/stm32cubeide_1.11.0/stm32cubeide/plugins/com.st.stm32cube.ide.mcu.externaltools.gnu-tools-for-stm32.10.3-2021.10.win32_1.0.100.202210260954/tools/bin/../lib/gcc/arm-none-eabi/10.3.1/../../../../arm-none-eabi/lib/thumb/v7e-m+dp/hard/crt0.o (__libc_init_array)
c:/st/stm32cubeide_1.11.0/stm32cubeide/plugins/com.st.stm32cube.ide.mcu.externaltools.gnu-tools-for-stm32.10.3-2021.10.win32_1.0.100.202210260954/tools/bin/../lib/gcc/arm-none-eabi/10.3.1/../../../../arm-none-eabi/lib/thumb/v7e-m+dp/hard\libc_nano.a(lib_a-memset.o)
                              c:/st/stm32cubeide_1.11.0/stm32cubeide/plugins/com.st.stm32cube.ide.mcu.externaltools.gnu-tools-for-stm32.10.3-2021.10.win32_1.0.100.202210260954/tools/bin/../lib/gcc/arm-none-eabi/10.3.1/../../../../arm-none-eabi/lib/thumb/v7e-m+dp/hard/crt0.o (memset)
c:/st/stm32cubeide_1.11.0/stm32cubeide/plugins/com.st.stm32cube.ide.mcu.externaltools.gnu-tools-for-stm32.10.3-2021.10.win32_1.0.100.202210260954/tools/bin/../lib/gcc/arm-none-eabi/10.3.1/../../../../arm-none-eabi/lib/thumb/v7e-m+dp/hard\libc_nano.a(lib_a-sprintf.o)
                              ./Core/Src/main.o (sprintf)
c:/st/stm32cubeide_1.11.0/stm32cubeide/plugins/com.st.stm32cube.ide.mcu.externaltools.gnu-tools-for-stm32.10.3-2021.10.win32_1.0.100.202210260954/tools/bin/../lib/gcc/arm-none-eabi/10.3.1/../../../../arm-none-eabi/lib/thumb/v7e-m+dp/hard\libc_nano.a(lib_a-nano-svfprintf.o)
                              c:/st/stm32cubeide_1.11.0/stm32cubeide/plugins/com.st.stm32cube.ide.mcu.externaltools.gnu-tools-for-stm32.10.3-2021.10.win32_1.0.100.202210260954/tools/bin/../lib/gcc/arm-none-eabi/10.3.1/../../../../arm-none-eabi/lib/thumb/v7e-m+dp/hard\libc_nano.a(lib_a-sprintf.o) (_svfprintf_r)
c:/st/stm32cubeide_1.11.0/stm32cubeide/plugins/com.st.stm32cube.ide.mcu.externaltools.gnu-tools-for-stm32.10.3-2021.10.win32_1.0.100.202210260954/tools/bin/../lib/gcc/arm-none-eabi/10.3.1/../../../../arm-none-eabi/lib/thumb/v7e-m+dp/hard\libc_nano.a(lib_a-nano-vfprintf_i.o)
                              c:/st/stm32cubeide_1.11.0/stm32cubeide/plugins/com.st.stm32cube.ide.mcu.externaltools.gnu-tools-for-stm32.10.3-2021.10.win32_1.0.100.202210260954/tools/bin/../lib/gcc/arm-none-eabi/10.3.1/../../../../arm-none-eabi/lib/thumb/v7e-m+dp/hard\libc_nano.a(lib_a-nano-svfprintf.o) (_printf_i)
c:/st/stm32cubeide_1.11.0/stm32cubeide/plugins/com.st.stm32cube.ide.mcu.externaltools.gnu-tools-for-stm32.10.3-2021.10.win32_1.0.100.202210260954/tools/bin/../lib/gcc/arm-none-eabi/10.3.1/../../../../arm-none-eabi/lib/thumb/v7e-m+dp/hard\libc_nano.a(lib_a-memchr.o)
                              c:/st/stm32cubeide_1.11.0/stm32cubeide/plugins/com.st.stm32cube.ide.mcu.externaltools.gnu-tools-for-stm32.10.3-2021.10.win32_1.0.100.202210260954/tools/bin/../lib/gcc/arm-none-eabi/10.3.1/../../../../arm-none-eabi/lib/thumb/v7e-m+dp/hard\libc_nano.a(lib_a-nano-svfprintf.o) (memchr)
c:/st/stm32cubeide_1.11.0/stm32cubeide/plugins/com.st.stm32cube.ide.mcu.externaltools.gnu-tools-for-stm32.10.3-2021.10.win32_1.0.100.202210260954/tools/bin/../lib/gcc/arm-none-eabi/10.3.1/../../../../arm-none-eabi/lib/thumb/v7e-m+dp/hard\libc_nano.a(lib_a-memcpy-stub.o)
[...]
Memory Configuration

Name             Origin             Length             Attributes
RAM              0x0000000020000000 0x0000000000080000 xrw
FLASH            0x0000000008000000 0x0000000000200000 xr
*default*        0x0000000000000000 0xffffffffffffffff

Linker script and memory map

LOAD c:/st/stm32cubeide_1.11.0/stm32cubeide/plugins/com.st.stm32cube.ide.mcu.externaltools.gnu-tools-for-stm32.10.3-2021.10.win32_1.0.100.202210260954/tools/bin/../lib/gcc/arm-none-eabi/10.3.1/thumb/v7e-m+dp/hard/crti.o
LOAD c:/st/stm32cubeide_1.11.0/stm32cubeide/plugins/com.st.stm32cube.ide.mcu.externaltools.gnu-tools-for-stm32.10.3-2021.10.win32_1.0.100.202210260954/tools/bin/../lib/gcc/arm-none-eabi/10.3.1/thumb/v7e-m+dp/hard/crtbegin.o
LOAD c:/st/stm32cubeide_1.11.0/stm32cubeide/plugins/com.st.stm32cube.ide.mcu.externaltools.gnu-tools-for-stm32.10.3-2021.10.win32_1.0.100.202210260954/tools/bin/../lib/gcc/arm-none-eabi/10.3.1/../../../../arm-none-eabi/lib/thumb/v7e-m+dp/hard/crt0.o
LOAD ./Core/Inc/ILI9341/ILI9341_GFX.o
LOAD ./Core/Inc/ILI9341/ILI9341_STM32_Driver.o
LOAD ./Core/Inc/ILI9341/ILI9341_Touchscreen.o
LOAD ./Core/Inc/ILI9341/fonts.o
LOAD ./Core/Src/adc.o
LOAD ./Core/Src/gpio.o
LOAD ./Core/Src/main.o
LOAD ./Core/Src/spi.o
LOAD ./Core/Src/stm32f7xx_hal_msp.o
LOAD ./Core/Src/stm32f7xx_it.o
LOAD ./Core/Src/syscalls.o
LOAD ./Core/Src/sysmem.o
LOAD ./Core/Src/system_stm32f7xx.o
LOAD ./Core/Src/tim.o
LOAD ./Core/Startup/startup_stm32f767zitx.o
LOAD ./Drivers/STM32F7xx_HAL_Driver/Src/stm32f7xx_hal.o
LOAD ./Drivers/STM32F7xx_HAL_Driver/Src/stm32f7xx_hal_adc.o
LOAD ./Drivers/STM32F7xx_HAL_Driver/Src/stm32f7xx_hal_adc_ex.o
LOAD ./Drivers/STM32F7xx_HAL_Driver/Src/stm32f7xx_hal_cortex.o
LOAD ./Drivers/STM32F7xx_HAL_Driver/Src/stm32f7xx_hal_dma.o
LOAD ./Drivers/STM32F7xx_HAL_Driver/Src/stm32f7xx_hal_dma_ex.o
LOAD ./Drivers/STM32F7xx_HAL_Driver/Src/stm32f7xx_hal_exti.o
LOAD ./Drivers/STM32F7xx_HAL_Driver/Src/stm32f7xx_hal_flash.o
LOAD ./Drivers/STM32F7xx_HAL_Driver/Src/stm32f7xx_hal_flash_ex.o
LOAD ./Drivers/STM32F7xx_HAL_Driver/Src/stm32f7xx_hal_gpio.o
LOAD ./Drivers/STM32F7xx_HAL_Driver/Src/stm32f7xx_hal_i2c.o
LOAD ./Drivers/STM32F7xx_HAL_Driver/Src/stm32f7xx_hal_i2c_ex.o
LOAD ./Drivers/STM32F7xx_HAL_Driver/Src/stm32f7xx_hal_pwr.o
LOAD ./Drivers/STM32F7xx_HAL_Driver/Src/stm32f7xx_hal_pwr_ex.o
LOAD ./Drivers/STM32F7xx_HAL_Driver/Src/stm32f7xx_hal_rcc.o
LOAD ./Drivers/STM32F7xx_HAL_Driver/Src/stm32f7xx_hal_rcc_ex.o
LOAD ./Drivers/STM32F7xx_HAL_Driver/Src/stm32f7xx_hal_spi.o
LOAD ./Drivers/STM32F7xx_HAL_Driver/Src/stm32f7xx_hal_spi_ex.o
LOAD ./Drivers/STM32F7xx_HAL_Driver/Src/stm32f7xx_hal_tim.o
LOAD ./Drivers/STM32F7xx_HAL_Driver/Src/stm32f7xx_hal_tim_ex.o
START GROUP
LOAD c:/st/stm32cubeide_1.11.0/stm32cubeide/plugins/com.st.stm32cube.ide.mcu.externaltools.gnu-tools-for-stm32.10.3-2021.10.win32_1.0.100.202210260954/tools/bin/../lib/gcc/arm-none-eabi/10.3.1/../../../../arm-none-eabi/lib/thumb/v7e-m+dp/hard\libc_nano.a
LOAD c:/st/stm32cubeide_1.11.0/stm32cubeide/plugins/com.st.stm32cube.ide.mcu.externaltools.gnu-tools-for-stm32.10.3-2021.10.win32_1.0.100.202210260954/tools/bin/../lib/gcc/arm-none-eabi/10.3.1/../../../../arm-none-eabi/lib/thumb/v7e-m+dp/hard\libm.a
END GROUP
START GROUP
LOAD c:/st/stm32cubeide_1.11.0/stm32cubeide/plugins/com.st.stm32cube.ide.mcu.externaltools.gnu-tools-for-stm32.10.3-2021.10.win32_1.0.100.202210260954/tools/bin/../lib/gcc/arm-none-eabi/10.3.1/thumb/v7e-m+dp/hard\libgcc.a
LOAD c:/st/stm32cubeide_1.11.0/stm32cubeide/plugins/com.st.stm32cube.ide.mcu.externaltools.gnu-tools-for-stm32.10.3-2021.10.win32_1.0.100.202210260954/tools/bin/../lib/gcc/arm-none-eabi/10.3.1/../../../../arm-none-eabi/lib/thumb/v7e-m+dp/hard\libc_nano.a
END GROUP
START GROUP
LOAD c:/st/stm32cubeide_1.11.0/stm32cubeide/plugins/com.st.stm32cube.ide.mcu.externaltools.gnu-tools-for-stm32.10.3-2021.10.win32_1.0.100.202210260954/tools/bin/../lib/gcc/arm-none-eabi/10.3.1/thumb/v7e-m+dp/hard\libgcc.a
LOAD c:/st/stm32cubeide_1.11.0/stm32cubeide/plugins/com.st.stm32cube.ide.mcu.externaltools.gnu-tools-for-stm32.10.3-2021.10.win32_1.0.100.202210260954/tools/bin/../lib/gcc/arm-none-eabi/10.3.1/../../../../arm-none-eabi/lib/thumb/v7e-m+dp/hard\libc_nano.a
LOAD c:/st/stm32cubeide_1.11.0/stm32cubeide/plugins/com.st.stm32cube.ide.mcu.externaltools.gnu-tools-for-stm32.10.3-2021.10.win32_1.0.100.202210260954/tools/bin/../lib/gcc/arm-none-eabi/10.3.1/../../../../arm-none-eabi/lib/thumb/v7e-m+dp/hard\libnosys.a
END GROUP
START GROUP
LOAD c:/st/stm32cubeide_1.11.0/stm32cubeide/plugins/com.st.stm32cube.ide.mcu.externaltools.gnu-tools-for-stm32.10.3-2021.10.win32_1.0.100.202210260954/tools/bin/../lib/gcc/arm-none-eabi/10.3.1/thumb/v7e-m+dp/hard\libgcc.a
LOAD c:/st/stm32cubeide_1.11.0/stm32cubeide/plugins/com.st.stm32cube.ide.mcu.externaltools.gnu-tools-for-stm32.10.3-2021.10.win32_1.0.100.202210260954/tools/bin/../lib/gcc/arm-none-eabi/10.3.1/../../../../arm-none-eabi/lib/thumb/v7e-m+dp/hard\libc_nano.a
LOAD c:/st/stm32cubeide_1.11.0/stm32cubeide/plugins/com.st.stm32cube.ide.mcu.externaltools.gnu-tools-for-stm32.10.3-2021.10.win32_1.0.100.202210260954/tools/bin/../lib/gcc/arm-none-eabi/10.3.1/../../../../arm-none-eabi/lib/thumb/v7e-m+dp/hard\libnosys.a
END GROUP
LOAD c:/st/stm32cubeide_1.11.0/stm32cubeide/plugins/com.st.stm32cube.ide.mcu.externaltools.gnu-tools-for-stm32.10.3-2021.10.win32_1.0.100.202210260954/tools/bin/../lib/gcc/arm-none-eabi/10.3.1/thumb/v7e-m+dp/hard/crtend.o
LOAD c:/st/stm32cubeide_1.11.0/stm32cubeide/plugins/com.st.stm32cube.ide.mcu.externaltools.gnu-tools-for-stm32.10.3-2021.10.win32_1.0.100.202210260954/tools/bin/../lib/gcc/arm-none-eabi/10.3.1/thumb/v7e-m+dp/hard/crtn.o
                0x0000000020080000                _estack = (ORIGIN (RAM) + LENGTH (RAM))
                0x0000000000000200                _Min_Heap_Size = 0x200
                0x0000000000000400                _Min_Stack_Size = 0x400

.isr_vector     0x0000000008000000      0x1f8
                0x0000000008000000                . = ALIGN (0x4)
 *(.isr_vector)
 .isr_vector    0x0000000008000000      0x1f8 ./Core/Startup/startup_stm32f767zitx.o
                0x0000000008000000                g_pfnVectors
                0x00000000080001f8                . = ALIGN (0x4)

.text           0x0000000008000200     0x6b70
                0x0000000008000200                . = ALIGN (0x4)
 *(.text)
 .text          0x0000000008000200       0x40 c:/st/stm32cubeide_1.11.0/stm32cubeide/plugins/com.st.stm32cube.ide.mcu.externaltools.gnu-tools-for-stm32.10.3-2021.10.win32_1.0.100.202210260954/tools/bin/../lib/gcc/arm-none-eabi/10.3.1/thumb/v7e-m+dp/hard/crtbegin.o
 .text          0x0000000008000240       0xa0 c:/st/stm32cubeide_1.11.0/stm32cubeide/plugins/com.st.stm32cube.ide.mcu.externaltools.gnu-tools-for-stm32.10.3-2021.10.win32_1.0.100.202210260954/tools/bin/../lib/gcc/arm-none-eabi/10.3.1/../../../../arm-none-eabi/lib/thumb/v7e-m+dp/hard\libc_nano.a(lib_a-memchr.o)
                0x0000000008000240                memchr
 .text          0x00000000080002e0       0x30 c:/st/stm32cubeide_1.11.0/stm32cubeide/plugins/com.st.stm32cube.ide.mcu.externaltools.gnu-tools-for-stm32.10.3-2021.10.win32_1.0.100.202210260954/tools/bin/../lib/gcc/arm-none-eabi/10.3.1/thumb/v7e-m+dp/hard\libgcc.a(_aeabi_uldivmod.o)
                0x00000000080002e0                __aeabi_uldivmod
 .text          0x0000000008000310      0x2d0 c:/st/stm32cubeide_1.11.0/stm32cubeide/plugins/com.st.stm32cube.ide.mcu.externaltools.gnu-tools-for-stm32.10.3-2021.10.win32_1.0.100.202210260954/tools/bin/../lib/gcc/arm-none-eabi/10.3.1/thumb/v7e-m+dp/hard\libgcc.a(_udivmoddi4.o)
                0x0000000008000310                __udivmoddi4
 .text          0x00000000080005e0        0x4 c:/st/stm32cubeide_1.11.0/stm32cubeide/plugins/com.st.stm32cube.ide.mcu.externaltools.gnu-tools-for-stm32.10.3-2021.10.win32_1.0.100.202210260954/tools/bin/../lib/gcc/arm-none-eabi/10.3.1/thumb/v7e-m+dp/hard\libgcc.a(_dvmd_tls.o)
                0x00000000080005e0                __aeabi_idiv0
                0x00000000080005e0                __aeabi_ldiv0
 *(.text*)
 .text.ILI9341_Draw_Hollow_Rectangle_Coord
                0x00000000080005e4      0x102 ./Core/Inc/ILI9341/ILI9341_GFX.o
                0x00000000080005e4                ILI9341_Draw_Hollow_Rectangle_Coord
 .text.ILI9341_Draw_Filled_Rectangle_Coord
                0x00000000080006e6       0xbc ./Core/Inc/ILI9341/ILI9341_GFX.o
                0x00000000080006e6                ILI9341_Draw_Filled_Rectangle_Coord
 *fill*         0x00000000080007a2        0x2 
 .text.ILI9341_Draw_Char
                0x00000000080007a4      0x134 ./Core/Inc/ILI9341/ILI9341_GFX.o
                0x00000000080007a4                ILI9341_Draw_Char
 .text.ILI9341_Draw_Text
                0x00000000080008d8       0x5e ./Core/Inc/ILI9341/ILI9341_GFX.o
                0x00000000080008d8                ILI9341_Draw_Text
 *fill*         0x0000000008000936        0x2 
 .text.ILI9341_SPI_Init
                0x0000000008000938       0x20 ./Core/Inc/ILI9341/ILI9341_STM32_Driver.o
                0x0000000008000938                ILI9341_SPI_Init
 .text.ILI9341_SPI_Send
                0x0000000008000958       0x24 ./Core/Inc/ILI9341/ILI9341_STM32_Driver.o
                0x0000000008000958                ILI9341_SPI_Send
 .text.ILI9341_Write_Command
                0x000000000800097c       0x44 ./Core/Inc/ILI9341/ILI9341_STM32_Driver.o
                0x000000000800097c                ILI9341_Write_Command
 .text.ILI9341_Write_Data
                0x00000000080009c0       0x44 ./Core/Inc/ILI9341/ILI9341_STM32_Driver.o
                0x00000000080009c0                ILI9341_Write_Data
 .text.ILI9341_Set_Address
                0x0000000008000a04       0x98 ./Core/Inc/ILI9341/ILI9341_STM32_Driver.o
                0x0000000008000a04                ILI9341_Set_Address
 .text.ILI9341_Reset
                0x0000000008000a9c       0x3c ./Core/Inc/ILI9341/ILI9341_STM32_Driver.o
                0x0000000008000a9c                ILI9341_Reset
 .text.ILI9341_Set_Rotation
                0x0000000008000ad8       0xa4 ./Core/Inc/ILI9341/ILI9341_STM32_Driver.o
                0x0000000008000ad8                ILI9341_Set_Rotation
 .text.ILI9341_Enable
                0x0000000008000b7c       0x18 ./Core/Inc/ILI9341/ILI9341_STM32_Driver.o
                0x0000000008000b7c                ILI9341_Enable
 .text.ILI9341_Init
                0x0000000008000b94      0x21a ./Core/Inc/ILI9341/ILI9341_STM32_Driver.o
                0x0000000008000b94                ILI9341_Init
 *fill*         0x0000000008000dae        0x2 
 .text.ILI9341_Draw_Colour_Burst
                0x0000000008000db0      0x13c ./Core/Inc/ILI9341/ILI9341_STM32_Driver.o
                0x0000000008000db0                ILI9341_Draw_Colour_Burst
 .text.ILI9341_Fill_Screen
                0x0000000008000eec       0x4c ./Core/Inc/ILI9341/ILI9341_STM32_Driver.o
                0x0000000008000eec                ILI9341_Fill_Screen
 .text.ILI9341_Draw_Pixel
                0x0000000008000f38      0x1b4 ./Core/Inc/ILI9341/ILI9341_STM32_Driver.o
                0x0000000008000f38                ILI9341_Draw_Pixel
 .text.ILI9341_Draw_Rectangle
                0x00000000080010ec       0xb8 ./Core/Inc/ILI9341/ILI9341_STM32_Driver.o
                0x00000000080010ec                ILI9341_Draw_Rectangle
 .text.ILI9341_Draw_Horizontal_Line
                0x00000000080011a4       0x88 ./Core/Inc/ILI9341/ILI9341_STM32_Driver.o
                0x00000000080011a4                ILI9341_Draw_Horizontal_Line
 .text.ILI9341_Draw_Vertical_Line
                0x000000000800122c       0x88 ./Core/Inc/ILI9341/ILI9341_STM32_Driver.o
                0x000000000800122c                ILI9341_Draw_Vertical_Line
 .text.TP_Read  0x00000000080012b4       0x58 ./Core/Inc/ILI9341/ILI9341_Touchscreen.o
                0x00000000080012b4                TP_Read
 .text.TP_Write
                0x000000000800130c       0x6c ./Core/Inc/ILI9341/ILI9341_Touchscreen.o
                0x000000000800130c                TP_Write
 .text.TP_Read_Coordinates
                0x0000000008001378      0x184 ./Core/Inc/ILI9341/ILI9341_Touchscreen.o
                0x0000000008001378                TP_Read_Coordinates
 .text.TP_Touchpad_Pressed
                0x00000000080014fc       0x20 ./Core/Inc/ILI9341/ILI9341_Touchscreen.o
                0x00000000080014fc                TP_Touchpad_Pressed
 .text.MX_ADC1_Init
                0x000000000800151c       0xa4 ./Core/Src/adc.o
                0x000000000800151c                MX_ADC1_Init
 .text.HAL_ADC_MspInit
                0x00000000080015c0       0x90 ./Core/Src/adc.o
                0x00000000080015c0                HAL_ADC_MspInit
 .text.MX_GPIO_Init
                0x0000000008001650      0x1fc ./Core/Src/gpio.o
                0x0000000008001650                MX_GPIO_Init
 .text.SCB_EnableICache
                0x000000000800184c       0x4c ./Core/Src/main.o
 .text.SCB_EnableDCache
                0x0000000008001898       0x88 ./Core/Src/main.o
 .text.map      0x0000000008001920       0x38 ./Core/Src/main.o
                0x0000000008001920                map
 .text.delayMicro
                0x0000000008001958       0x34 ./Core/Src/main.o
                0x0000000008001958                delayMicro
 *fill*         0x000000000800198c        0x4 
 .text.step1    0x0000000008001990       0xc0 ./Core/Src/main.o
                0x0000000008001990                step1
 .text.step2    0x0000000008001a50       0x9c ./Core/Src/main.o
                0x0000000008001a50                step2
 .text.numpad   0x0000000008001aec      0x614 ./Core/Src/main.o
                0x0000000008001aec                numpad
 .text.textStatus
                0x0000000008002100       0x38 ./Core/Src/main.o
                0x0000000008002100                textStatus
 .text.main     0x0000000008002138      0x9c4 ./Core/Src/main.o
                0x0000000008002138                main
 .text.SystemClock_Config
                0x0000000008002afc       0xdc ./Core/Src/main.o
                0x0000000008002afc                SystemClock_Config
 .text.HAL_ADC_ConvCpltCallback
                0x0000000008002bd8       0x14 ./Core/Src/main.o
                0x0000000008002bd8                HAL_ADC_ConvCpltCallback
 .text.Error_Handler
                0x0000000008002bec        0xa ./Core/Src/main.o
                0x0000000008002bec                Error_Handler
 *fill*         0x0000000008002bf6        0x2 
 .text.MX_SPI5_Init
                0x0000000008002bf8       0x7c ./Core/Src/spi.o
                0x0000000008002bf8                MX_SPI5_Init
 .text.HAL_SPI_MspInit
                0x0000000008002c74       0x88 ./Core/Src/spi.o
                0x0000000008002c74                HAL_SPI_MspInit
 .text.HAL_MspInit
                0x0000000008002cfc       0x48 ./Core/Src/stm32f7xx_hal_msp.o
                0x0000000008002cfc                HAL_MspInit
 .text.NMI_Handler
                0x0000000008002d44        0x6 ./Core/Src/stm32f7xx_it.o
                0x0000000008002d44                NMI_Handler
 .text.HardFault_Handler
                0x0000000008002d4a        0x6 ./Core/Src/stm32f7xx_it.o
                0x0000000008002d4a                HardFault_Handler
 .text.MemManage_Handler
                0x0000000008002d50        0x6 ./Core/Src/stm32f7xx_it.o
                0x0000000008002d50                MemManage_Handler
 .text.BusFault_Handler
                0x0000000008002d56        0x6 ./Core/Src/stm32f7xx_it.o
                0x0000000008002d56                BusFault_Handler
 .text.UsageFault_Handler
                0x0000000008002d5c        0x6 ./Core/Src/stm32f7xx_it.o
                0x0000000008002d5c                UsageFault_Handler
 .text.SVC_Handler
                0x0000000008002d62        0xe ./Core/Src/stm32f7xx_it.o
                0x0000000008002d62                SVC_Handler
 .text.DebugMon_Handler
                0x0000000008002d70        0xe ./Core/Src/stm32f7xx_it.o
                0x0000000008002d70                DebugMon_Handler
 .text.PendSV_Handler
                0x0000000008002d7e        0xe ./Core/Src/stm32f7xx_it.o
                0x0000000008002d7e                PendSV_Handler
 .text.SysTick_Handler
                0x0000000008002d8c        0xc ./Core/Src/stm32f7xx_it.o
                0x0000000008002d8c                SysTick_Handler
 .text.EXTI2_IRQHandler
                0x0000000008002d98       0x70 ./Core/Src/stm32f7xx_it.o
                0x0000000008002d98                EXTI2_IRQHandler
 .text.EXTI3_IRQHandler
                0x0000000008002e08       0x6c ./Core/Src/stm32f7xx_it.o
                0x0000000008002e08                EXTI3_IRQHandler
 .text.ADC_IRQHandler
                0x0000000008002e74       0x4c ./Core/Src/stm32f7xx_it.o
                0x0000000008002e74                ADC_IRQHandler
 .text._sbrk    0x0000000008002ec0       0x6c ./Core/Src/sysmem.o
                0x0000000008002ec0                _sbrk
 .text.SystemInit
                0x0000000008002f2c       0x24 ./Core/Src/system_stm32f7xx.o
                0x0000000008002f2c                SystemInit
 .text.MX_TIM1_Init
                0x0000000008002f50       0xa8 ./Core/Src/tim.o
                0x0000000008002f50                MX_TIM1_Init
 .text.MX_TIM2_Init
                0x0000000008002ff8       0xf0 ./Core/Src/tim.o
                0x0000000008002ff8                MX_TIM2_Init
 .text.HAL_TIM_Base_MspInit
                0x00000000080030e8       0x64 ./Core/Src/tim.o
                0x00000000080030e8                HAL_TIM_Base_MspInit
 .text.HAL_TIM_MspPostInit
                0x000000000800314c       0x6c ./Core/Src/tim.o
                0x000000000800314c                HAL_TIM_MspPostInit
 .text.Reset_Handler
                0x00000000080031b8       0x50 ./Core/Startup/startup_stm32f767zitx.o
                0x00000000080031b8                Reset_Handler
 .text.Default_Handler
                0x0000000008003208        0x2 ./Core/Startup/startup_stm32f767zitx.o
                0x0000000008003208                RTC_Alarm_IRQHandler
                0x0000000008003208                TIM8_CC_IRQHandler
                0x0000000008003208                UART8_IRQHandler
                0x0000000008003208                SPI4_IRQHandler
                0x0000000008003208                TIM1_CC_IRQHandler
                0x0000000008003208                DMA2_Stream5_IRQHandler
                0x0000000008003208                JPEG_IRQHandler
                0x0000000008003208                DMA1_Stream5_IRQHandler
                0x0000000008003208                CAN3_RX1_IRQHandler
                0x0000000008003208                PVD_IRQHandler
                0x0000000008003208                TAMP_STAMP_IRQHandler
                0x0000000008003208                CAN2_RX1_IRQHandler
                0x0000000008003208                TIM8_TRG_COM_TIM14_IRQHandler
                0x0000000008003208                DFSDM1_FLT1_IRQHandler
                0x0000000008003208                TIM1_UP_TIM10_IRQHandler
                0x0000000008003208                TIM8_UP_TIM13_IRQHandler
                0x0000000008003208                I2C3_ER_IRQHandler
                0x0000000008003208                DFSDM1_FLT2_IRQHandler
                0x0000000008003208                EXTI0_IRQHandler
                0x0000000008003208                I2C2_EV_IRQHandler
                0x0000000008003208                DMA1_Stream2_IRQHandler
                0x0000000008003208                CAN1_RX0_IRQHandler
                0x0000000008003208                FPU_IRQHandler
                0x0000000008003208                OTG_HS_WKUP_IRQHandler
                0x0000000008003208                CAN3_SCE_IRQHandler
                0x0000000008003208                LTDC_ER_IRQHandler
                0x0000000008003208                CAN2_SCE_IRQHandler
                0x0000000008003208                DMA2_Stream2_IRQHandler
                0x0000000008003208                SPI1_IRQHandler
                0x0000000008003208                TIM6_DAC_IRQHandler
                0x0000000008003208                TIM1_BRK_TIM9_IRQHandler
                0x0000000008003208                DCMI_IRQHandler
                0x0000000008003208                CAN2_RX0_IRQHandler
                0x0000000008003208                DMA2_Stream3_IRQHandler
                0x0000000008003208                SAI2_IRQHandler
                0x0000000008003208                DFSDM1_FLT3_IRQHandler
                0x0000000008003208                USART6_IRQHandler
                0x0000000008003208                CAN3_RX0_IRQHandler
                0x0000000008003208                USART3_IRQHandler
                0x0000000008003208                CAN1_RX1_IRQHandler
                0x0000000008003208                UART5_IRQHandler
                0x0000000008003208                DMA2_Stream0_IRQHandler
                0x0000000008003208                TIM4_IRQHandler
                0x0000000008003208                QUADSPI_IRQHandler
                0x0000000008003208                I2C1_EV_IRQHandler
                0x0000000008003208                DMA1_Stream6_IRQHandler
                0x0000000008003208                DMA1_Stream1_IRQHandler
                0x0000000008003208                UART4_IRQHandler
                0x0000000008003208                TIM3_IRQHandler
                0x0000000008003208                RCC_IRQHandler
                0x0000000008003208                TIM8_BRK_TIM12_IRQHandler
                0x0000000008003208                Default_Handler
                0x0000000008003208                CEC_IRQHandler
                0x0000000008003208                EXTI15_10_IRQHandler
                0x0000000008003208                DMA1_Stream7_IRQHandler
                0x0000000008003208                SPI5_IRQHandler
                0x0000000008003208                TIM7_IRQHandler
                0x0000000008003208                SDMMC1_IRQHandler
                0x0000000008003208                CAN2_TX_IRQHandler
                0x0000000008003208                TIM5_IRQHandler
                0x0000000008003208                DMA2_Stream7_IRQHandler
                0x0000000008003208                I2C3_EV_IRQHandler
                0x0000000008003208                EXTI9_5_IRQHandler
                0x0000000008003208                RTC_WKUP_IRQHandler
                0x0000000008003208                LTDC_IRQHandler
                0x0000000008003208                ETH_WKUP_IRQHandler
                0x0000000008003208                SPDIF_RX_IRQHandler
                0x0000000008003208                SPI2_IRQHandler
                0x0000000008003208                OTG_HS_EP1_IN_IRQHandler
                0x0000000008003208                DMA1_Stream0_IRQHandler
                0x0000000008003208                CAN1_TX_IRQHandler
                0x0000000008003208                EXTI4_IRQHandler
                0x0000000008003208                RNG_IRQHandler
                0x0000000008003208                ETH_IRQHandler
                0x0000000008003208                OTG_HS_EP1_OUT_IRQHandler
                0x0000000008003208                WWDG_IRQHandler
                0x0000000008003208                SPI6_IRQHandler
                0x0000000008003208                MDIOS_IRQHandler
                0x0000000008003208                I2C4_EV_IRQHandler
                0x0000000008003208                CAN3_TX_IRQHandler
                0x0000000008003208                TIM2_IRQHandler
                0x0000000008003208                OTG_FS_WKUP_IRQHandler
                0x0000000008003208                TIM1_TRG_COM_TIM11_IRQHandler
                0x0000000008003208                OTG_HS_IRQHandler
                0x0000000008003208                DMA2D_IRQHandler
                0x0000000008003208                EXTI1_IRQHandler
                0x0000000008003208                SDMMC2_IRQHandler
                0x0000000008003208                UART7_IRQHandler
                0x0000000008003208                USART2_IRQHandler
                0x0000000008003208                DFSDM1_FLT0_IRQHandler
                0x0000000008003208                I2C2_ER_IRQHandler
                0x0000000008003208                DMA2_Stream1_IRQHandler
                0x0000000008003208                CAN1_SCE_IRQHandler
                0x0000000008003208                FLASH_IRQHandler
                0x0000000008003208                DMA2_Stream4_IRQHandler
                0x0000000008003208                USART1_IRQHandler
                0x0000000008003208                OTG_FS_IRQHandler
                0x0000000008003208                SPI3_IRQHandler
                0x0000000008003208                DMA1_Stream4_IRQHandler
                0x0000000008003208                I2C1_ER_IRQHandler
                0x0000000008003208                FMC_IRQHandler
                0x0000000008003208                LPTIM1_IRQHandler
                0x0000000008003208                I2C4_ER_IRQHandler
                0x0000000008003208                DMA2_Stream6_IRQHandler
                0x0000000008003208                SAI1_IRQHandler
                0x0000000008003208                DMA1_Stream3_IRQHandler
 *fill*         0x000000000800320a        0x2 
 .text.HAL_Init
                0x000000000800320c       0x38 ./Drivers/STM32F7xx_HAL_Driver/Src/stm32f7xx_hal.o
                0x000000000800320c                HAL_Init
 .text.HAL_InitTick
                0x0000000008003244       0x60 ./Drivers/STM32F7xx_HAL_Driver/Src/stm32f7xx_hal.o
                0x0000000008003244                HAL_InitTick
 .text.HAL_IncTick
                0x00000000080032a4       0x28 ./Drivers/STM32F7xx_HAL_Driver/Src/stm32f7xx_hal.o
                0x00000000080032a4                HAL_IncTick
 .text.HAL_GetTick
                0x00000000080032cc       0x18 ./Drivers/STM32F7xx_HAL_Driver/Src/stm32f7xx_hal.o
                0x00000000080032cc                HAL_GetTick
 .text.HAL_Delay
                0x00000000080032e4       0x48 ./Drivers/STM32F7xx_HAL_Driver/Src/stm32f7xx_hal.o
                0x00000000080032e4                HAL_Delay
 .text.HAL_ADC_Init
                0x000000000800332c       0x88 ./Drivers/STM32F7xx_HAL_Driver/Src/stm32f7xx_hal_adc.o
                0x000000000800332c                HAL_ADC_Init
 .text.HAL_ADC_Start_IT
                0x00000000080033b4      0x1b0 ./Drivers/STM32F7xx_HAL_Driver/Src/stm32f7xx_hal_adc.o
                0x00000000080033b4                HAL_ADC_Start_IT
 .text.HAL_ADC_IRQHandler
                0x0000000008003564      0x220 ./Drivers/STM32F7xx_HAL_Driver/Src/stm32f7xx_hal_adc.o
                0x0000000008003564                HAL_ADC_IRQHandler
 .text.HAL_ADC_GetValue
                0x0000000008003784       0x1a ./Drivers/STM32F7xx_HAL_Driver/Src/stm32f7xx_hal_adc.o
                0x0000000008003784                HAL_ADC_GetValue
 .text.HAL_ADC_LevelOutOfWindowCallback
                0x000000000800379e       0x14 ./Drivers/STM32F7xx_HAL_Driver/Src/stm32f7xx_hal_adc.o
                0x000000000800379e                HAL_ADC_LevelOutOfWindowCallback
 .text.HAL_ADC_ErrorCallback
                0x00000000080037b2       0x14 ./Drivers/STM32F7xx_HAL_Driver/Src/stm32f7xx_hal_adc.o
                0x00000000080037b2                HAL_ADC_ErrorCallback
 *fill*         0x00000000080037c6        0x2 
 .text.HAL_ADC_ConfigChannel
                0x00000000080037c8      0x2ac ./Drivers/STM32F7xx_HAL_Driver/Src/stm32f7xx_hal_adc.o
                0x00000000080037c8                HAL_ADC_ConfigChannel
 .text.ADC_Init
                0x0000000008003a74      0x1f4 ./Drivers/STM32F7xx_HAL_Driver/Src/stm32f7xx_hal_adc.o
 .text.HAL_ADCEx_InjectedConvCpltCallback
                0x0000000008003c68       0x14 ./Drivers/STM32F7xx_HAL_Driver/Src/stm32f7xx_hal_adc_ex.o
                0x0000000008003c68                HAL_ADCEx_InjectedConvCpltCallback
 .text.__NVIC_SetPriorityGrouping
                0x0000000008003c7c       0x48 ./Drivers/STM32F7xx_HAL_Driver/Src/stm32f7xx_hal_cortex.o
 .text.__NVIC_GetPriorityGrouping
                0x0000000008003cc4       0x1c ./Drivers/STM32F7xx_HAL_Driver/Src/stm32f7xx_hal_cortex.o
 .text.__NVIC_EnableIRQ
                0x0000000008003ce0       0x3c ./Drivers/STM32F7xx_HAL_Driver/Src/stm32f7xx_hal_cortex.o
 .text.__NVIC_SetPriority
                0x0000000008003d1c       0x54 ./Drivers/STM32F7xx_HAL_Driver/Src/stm32f7xx_hal_cortex.o
 .text.NVIC_EncodePriority
                0x0000000008003d70       0x66 ./Drivers/STM32F7xx_HAL_Driver/Src/stm32f7xx_hal_cortex.o
 *fill*         0x0000000008003dd6        0x2 
 .text.SysTick_Config
                0x0000000008003dd8       0x44 ./Drivers/STM32F7xx_HAL_Driver/Src/stm32f7xx_hal_cortex.o
 .text.HAL_NVIC_SetPriorityGrouping
                0x0000000008003e1c       0x16 ./Drivers/STM32F7xx_HAL_Driver/Src/stm32f7xx_hal_cortex.o
                0x0000000008003e1c                HAL_NVIC_SetPriorityGrouping
 .text.HAL_NVIC_SetPriority
                0x0000000008003e32       0x38 ./Drivers/STM32F7xx_HAL_Driver/Src/stm32f7xx_hal_cortex.o
                0x0000000008003e32                HAL_NVIC_SetPriority
 .text.HAL_NVIC_EnableIRQ
                0x0000000008003e6a       0x1c ./Drivers/STM32F7xx_HAL_Driver/Src/stm32f7xx_hal_cortex.o
                0x0000000008003e6a                HAL_NVIC_EnableIRQ
 .text.HAL_SYSTICK_Config
                0x0000000008003e86       0x18 ./Drivers/STM32F7xx_HAL_Driver/Src/stm32f7xx_hal_cortex.o
                0x0000000008003e86                HAL_SYSTICK_Config
 *fill*         0x0000000008003e9e        0x2 
 .text.HAL_GPIO_Init
                0x0000000008003ea0      0x358 ./Drivers/STM32F7xx_HAL_Driver/Src/stm32f7xx_hal_gpio.o
                0x0000000008003ea0                HAL_GPIO_Init
 .text.HAL_GPIO_ReadPin
                0x00000000080041f8       0x30 ./Drivers/STM32F7xx_HAL_Driver/Src/stm32f7xx_hal_gpio.o
                0x00000000080041f8                HAL_GPIO_ReadPin
 .text.HAL_GPIO_WritePin
                0x0000000008004228       0x32 ./Drivers/STM32F7xx_HAL_Driver/Src/stm32f7xx_hal_gpio.o
                0x0000000008004228                HAL_GPIO_WritePin
 .text.HAL_GPIO_TogglePin
                0x000000000800425a       0x34 ./Drivers/STM32F7xx_HAL_Driver/Src/stm32f7xx_hal_gpio.o
                0x000000000800425a                HAL_GPIO_TogglePin
 *fill*         0x000000000800428e        0x2 
 .text.HAL_GPIO_EXTI_IRQHandler
                0x0000000008004290       0x30 ./Drivers/STM32F7xx_HAL_Driver/Src/stm32f7xx_hal_gpio.o
                0x0000000008004290                HAL_GPIO_EXTI_IRQHandler
 .text.HAL_GPIO_EXTI_Callback
                0x00000000080042c0       0x16 ./Drivers/STM32F7xx_HAL_Driver/Src/stm32f7xx_hal_gpio.o
                0x00000000080042c0                HAL_GPIO_EXTI_Callback
 *fill*         0x00000000080042d6        0x2 
 .text.HAL_PWREx_EnableOverDrive
                0x00000000080042d8       0xa0 ./Drivers/STM32F7xx_HAL_Driver/Src/stm32f7xx_hal_pwr_ex.o
                0x00000000080042d8                HAL_PWREx_EnableOverDrive
 .text.HAL_RCC_OscConfig
                0x0000000008004378      0x55c ./Drivers/STM32F7xx_HAL_Driver/Src/stm32f7xx_hal_rcc.o
                0x0000000008004378                HAL_RCC_OscConfig
 .text.HAL_RCC_ClockConfig
                0x00000000080048d4      0x1d8 ./Drivers/STM32F7xx_HAL_Driver/Src/stm32f7xx_hal_rcc.o
                0x00000000080048d4                HAL_RCC_ClockConfig
 .text.HAL_RCC_GetSysClockFreq
                0x0000000008004aac      0x18c ./Drivers/STM32F7xx_HAL_Driver/Src/stm32f7xx_hal_rcc.o
                0x0000000008004aac                HAL_RCC_GetSysClockFreq
 .text.HAL_SPI_Init
                0x0000000008004c38      0x156 ./Drivers/STM32F7xx_HAL_Driver/Src/stm32f7xx_hal_spi.o
                0x0000000008004c38                HAL_SPI_Init
 .text.HAL_SPI_Transmit
                0x0000000008004d8e      0x2dc ./Drivers/STM32F7xx_HAL_Driver/Src/stm32f7xx_hal_spi.o
                0x0000000008004d8e                HAL_SPI_Transmit
 *fill*         0x000000000800506a        0x2 
 .text.SPI_WaitFlagStateUntilTimeout
                0x000000000800506c      0x110 ./Drivers/STM32F7xx_HAL_Driver/Src/stm32f7xx_hal_spi.o
 .text.SPI_WaitFifoStateUntilTimeout
                0x000000000800517c      0x12c ./Drivers/STM32F7xx_HAL_Driver/Src/stm32f7xx_hal_spi.o
 .text.SPI_EndRxTxTransaction
                0x00000000080052a8       0xd4 ./Drivers/STM32F7xx_HAL_Driver/Src/stm32f7xx_hal_spi.o
 .text.HAL_TIM_Base_Init
                0x000000000800537c       0xae ./Drivers/STM32F7xx_HAL_Driver/Src/stm32f7xx_hal_tim.o
                0x000000000800537c                HAL_TIM_Base_Init
 *fill*         0x000000000800542a        0x2 
 .text.HAL_TIM_Base_Start
                0x000000000800542c       0xe0 ./Drivers/STM32F7xx_HAL_Driver/Src/stm32f7xx_hal_tim.o
                0x000000000800542c                HAL_TIM_Base_Start
 .text.HAL_TIM_PWM_Init
                0x000000000800550c       0xae ./Drivers/STM32F7xx_HAL_Driver/Src/stm32f7xx_hal_tim.o
                0x000000000800550c                HAL_TIM_PWM_Init
 .text.HAL_TIM_PWM_MspInit
                0x00000000080055ba       0x14 ./Drivers/STM32F7xx_HAL_Driver/Src/stm32f7xx_hal_tim.o
                0x00000000080055ba                HAL_TIM_PWM_MspInit
 *fill*         0x00000000080055ce        0x2 
 .text.HAL_TIM_PWM_Start
                0x00000000080055d0      0x1f4 ./Drivers/STM32F7xx_HAL_Driver/Src/stm32f7xx_hal_tim.o
                0x00000000080055d0                HAL_TIM_PWM_Start
 .text.HAL_TIM_PWM_ConfigChannel
                0x00000000080057c4      0x228 ./Drivers/STM32F7xx_HAL_Driver/Src/stm32f7xx_hal_tim.o
                0x00000000080057c4                HAL_TIM_PWM_ConfigChannel
 .text.HAL_TIM_ConfigClockSource
                0x00000000080059ec      0x194 ./Drivers/STM32F7xx_HAL_Driver/Src/stm32f7xx_hal_tim.o
                0x00000000080059ec                HAL_TIM_ConfigClockSource
 .text.TIM_Base_SetConfig
                0x0000000008005b80      0x140 ./Drivers/STM32F7xx_HAL_Driver/Src/stm32f7xx_hal_tim.o
                0x0000000008005b80                TIM_Base_SetConfig
 .text.TIM_OC1_SetConfig
                0x0000000008005cc0       0xe4 ./Drivers/STM32F7xx_HAL_Driver/Src/stm32f7xx_hal_tim.o
 .text.TIM_OC2_SetConfig
                0x0000000008005da4       0xf0 ./Drivers/STM32F7xx_HAL_Driver/Src/stm32f7xx_hal_tim.o
                0x0000000008005da4                TIM_OC2_SetConfig
 .text.TIM_OC3_SetConfig
                0x0000000008005e94       0xec ./Drivers/STM32F7xx_HAL_Driver/Src/stm32f7xx_hal_tim.o
 .text.TIM_OC4_SetConfig
                0x0000000008005f80       0xb0 ./Drivers/STM32F7xx_HAL_Driver/Src/stm32f7xx_hal_tim.o
 .text.TIM_OC5_SetConfig
                0x0000000008006030       0xa4 ./Drivers/STM32F7xx_HAL_Driver/Src/stm32f7xx_hal_tim.o
 .text.TIM_OC6_SetConfig
                0x00000000080060d4       0xa8 ./Drivers/STM32F7xx_HAL_Driver/Src/stm32f7xx_hal_tim.o
 .text.TIM_TI1_ConfigInputStage
                0x000000000800617c       0x5e ./Drivers/STM32F7xx_HAL_Driver/Src/stm32f7xx_hal_tim.o
 .text.TIM_TI2_ConfigInputStage
                0x00000000080061da       0x60 ./Drivers/STM32F7xx_HAL_Driver/Src/stm32f7xx_hal_tim.o
 .text.TIM_ITRx_SetConfig
                0x000000000800623a       0x36 ./Drivers/STM32F7xx_HAL_Driver/Src/stm32f7xx_hal_tim.o
 .text.TIM_ETR_SetConfig
                0x0000000008006270       0x40 ./Drivers/STM32F7xx_HAL_Driver/Src/stm32f7xx_hal_tim.o
                0x0000000008006270                TIM_ETR_SetConfig
 .text.TIM_CCxChannelCmd
                0x00000000080062b0       0x4a ./Drivers/STM32F7xx_HAL_Driver/Src/stm32f7xx_hal_tim.o
                0x00000000080062b0                TIM_CCxChannelCmd
 *fill*         0x00000000080062fa        0x2 
 .text.HAL_TIMEx_MasterConfigSynchronization
                0x00000000080062fc      0x11c ./Drivers/STM32F7xx_HAL_Driver/Src/stm32f7xx_hal_tim_ex.o
                0x00000000080062fc                HAL_TIMEx_MasterConfigSynchronization
 .text.__errno  0x0000000008006418        0xc c:/st/stm32cubeide_1.11.0/stm32cubeide/plugins/com.st.stm32cube.ide.mcu.externaltools.gnu-tools-for-stm32.10.3-2021.10.win32_1.0.100.202210260954/tools/bin/../lib/gcc/arm-none-eabi/10.3.1/../../../../arm-none-eabi/lib/thumb/v7e-m+dp/hard\libc_nano.a(lib_a-errno.o)
                0x0000000008006418                __errno
 .text.__libc_init_array
                0x0000000008006424       0x48 c:/st/stm32cubeide_1.11.0/stm32cubeide/plugins/com.st.stm32cube.ide.mcu.externaltools.gnu-tools-for-stm32.10.3-2021.10.win32_1.0.100.202210260954/tools/bin/../lib/gcc/arm-none-eabi/10.3.1/../../../../arm-none-eabi/lib/thumb/v7e-m+dp/hard\libc_nano.a(lib_a-init.o)
                0x0000000008006424                __libc_init_array
 .text.memset   0x000000000800646c       0x10 c:/st/stm32cubeide_1.11.0/stm32cubeide/plugins/com.st.stm32cube.ide.mcu.externaltools.gnu-tools-for-stm32.10.3-2021.10.win32_1.0.100.202210260954/tools/bin/../lib/gcc/arm-none-eabi/10.3.1/../../../../arm-none-eabi/lib/thumb/v7e-m+dp/hard\libc_nano.a(lib_a-memset.o)
                0x000000000800646c                memset
 .text.sprintf  0x000000000800647c       0x40 c:/st/stm32cubeide_1.11.0/stm32cubeide/plugins/com.st.stm32cube.ide.mcu.externaltools.gnu-tools-for-stm32.10.3-2021.10.win32_1.0.100.202210260954/tools/bin/../lib/gcc/arm-none-eabi/10.3.1/../../../../arm-none-eabi/lib/thumb/v7e-m+dp/hard\libc_nano.a(lib_a-sprintf.o)
                0x000000000800647c                siprintf
                0x000000000800647c                sprintf
 .text.__ssputs_r
                0x00000000080064bc       0xb6 c:/st/stm32cubeide_1.11.0/stm32cubeide/plugins/com.st.stm32cube.ide.mcu.externaltools.gnu-tools-for-stm32.10.3-2021.10.win32_1.0.100.202210260954/tools/bin/../lib/gcc/arm-none-eabi/10.3.1/../../../../arm-none-eabi/lib/thumb/v7e-m+dp/hard\libc_nano.a(lib_a-nano-svfprintf.o)
                0x00000000080064bc                __ssputs_r
 *fill*         0x0000000008006572        0x2 
 .text._svfprintf_r
                0x0000000008006574      0x200 c:/st/stm32cubeide_1.11.0/stm32cubeide/plugins/com.st.stm32cube.ide.mcu.externaltools.gnu-tools-for-stm32.10.3-2021.10.win32_1.0.100.202210260954/tools/bin/../lib/gcc/arm-none-eabi/10.3.1/../../../../arm-none-eabi/lib/thumb/v7e-m+dp/hard\libc_nano.a(lib_a-nano-svfprintf.o)
                0x0000000008006574                _svfiprintf_r
                0x0000000008006574                _svfprintf_r
 .text._printf_common
                0x0000000008006774       0xda c:/st/stm32cubeide_1.11.0/stm32cubeide/plugins/com.st.stm32cube.ide.mcu.externaltools.gnu-tools-for-stm32.10.3-2021.10.win32_1.0.100.202210260954/tools/bin/../lib/gcc/arm-none-eabi/10.3.1/../../../../arm-none-eabi/lib/thumb/v7e-m+dp/hard\libc_nano.a(lib_a-nano-vfprintf_i.o)
                0x0000000008006774                _printf_common
 *fill*         0x000000000800684e        0x2 
 .text._printf_i
                0x0000000008006850      0x24c c:/st/stm32cubeide_1.11.0/stm32cubeide/plugins/com.st.stm32cube.ide.mcu.externaltools.gnu-tools-for-stm32.10.3-2021.10.win32_1.0.100.202210260954/tools/bin/../lib/gcc/arm-none-eabi/10.3.1/../../../../arm-none-eabi/lib/thumb/v7e-m+dp/hard\libc_nano.a(lib_a-nano-vfprintf_i.o)
                0x0000000008006850                _printf_i
 .text.memcpy   0x0000000008006a9c       0x1c c:/st/stm32cubeide_1.11.0/stm32cubeide/plugins/com.st.stm32cube.ide.mcu.externaltools.gnu-tools-for-stm32.10.3-2021.10.win32_1.0.100.202210260954/tools/bin/../lib/gcc/arm-none-eabi/10.3.1/../../../../arm-none-eabi/lib/thumb/v7e-m+dp/hard\libc_nano.a(lib_a-memcpy-stub.o)
                0x0000000008006a9c                memcpy
 .text.memmove  0x0000000008006ab8       0x34 c:/st/stm32cubeide_1.11.0/stm32cubeide/plugins/com.st.stm32cube.ide.mcu.externaltools.gnu-tools-for-stm32.10.3-2021.10.win32_1.0.100.202210260954/tools/bin/../lib/gcc/arm-none-eabi/10.3.1/../../../../arm-none-eabi/lib/thumb/v7e-m+dp/hard\libc_nano.a(lib_a-memmove.o)
                0x0000000008006ab8                memmove
 .text._free_r  0x0000000008006aec       0x98 c:/st/stm32cubeide_1.11.0/stm32cubeide/plugins/com.st.stm32cube.ide.mcu.externaltools.gnu-tools-for-stm32.10.3-2021.10.win32_1.0.100.202210260954/tools/bin/../lib/gcc/arm-none-eabi/10.3.1/../../../../arm-none-eabi/lib/thumb/v7e-m+dp/hard\libc_nano.a(lib_a-nano-freer.o)
                0x0000000008006aec                _free_r
 .text.sbrk_aligned
                0x0000000008006b84       0x40 c:/st/stm32cubeide_1.11.0/stm32cubeide/plugins/com.st.stm32cube.ide.mcu.externaltools.gnu-tools-for-stm32.10.3-2021.10.win32_1.0.100.202210260954/tools/bin/../lib/gcc/arm-none-eabi/10.3.1/../../../../arm-none-eabi/lib/thumb/v7e-m+dp/hard\libc_nano.a(lib_a-nano-mallocr.o)
 .text._malloc_r
                0x0000000008006bc4       0xe8 c:/st/stm32cubeide_1.11.0/stm32cubeide/plugins/com.st.stm32cube.ide.mcu.externaltools.gnu-tools-for-stm32.10.3-2021.10.win32_1.0.100.202210260954/tools/bin/../lib/gcc/arm-none-eabi/10.3.1/../../../../arm-none-eabi/lib/thumb/v7e-m+dp/hard\libc_nano.a(lib_a-nano-mallocr.o)
                0x0000000008006bc4                _malloc_r
 .text._realloc_r
                0x0000000008006cac       0x5e c:/st/stm32cubeide_1.11.0/stm32cubeide/plugins/com.st.stm32cube.ide.mcu.externaltools.gnu-tools-for-stm32.10.3-2021.10.win32_1.0.100.202210260954/tools/bin/../lib/gcc/arm-none-eabi/10.3.1/../../../../arm-none-eabi/lib/thumb/v7e-m+dp/hard\libc_nano.a(lib_a-nano-reallocr.o)
                0x0000000008006cac                _realloc_r
 *fill*         0x0000000008006d0a        0x2 
 .text._sbrk_r  0x0000000008006d0c       0x20 c:/st/stm32cubeide_1.11.0/stm32cubeide/plugins/com.st.stm32cube.ide.mcu.externaltools.gnu-tools-for-stm32.10.3-2021.10.win32_1.0.100.202210260954/tools/bin/../lib/gcc/arm-none-eabi/10.3.1/../../../../arm-none-eabi/lib/thumb/v7e-m+dp/hard\libc_nano.a(lib_a-sbrkr.o)
                0x0000000008006d0c                _sbrk_r
 .text.__malloc_lock
                0x0000000008006d2c        0xc c:/st/stm32cubeide_1.11.0/stm32cubeide/plugins/com.st.stm32cube.ide.mcu.externaltools.gnu-tools-for-stm32.10.3-2021.10.win32_1.0.100.202210260954/tools/bin/../lib/gcc/arm-none-eabi/10.3.1/../../../../arm-none-eabi/lib/thumb/v7e-m+dp/hard\libc_nano.a(lib_a-mlock.o)
                0x0000000008006d2c                __malloc_lock
 .text.__malloc_unlock
                0x0000000008006d38        0xc c:/st/stm32cubeide_1.11.0/stm32cubeide/plugins/com.st.stm32cube.ide.mcu.externaltools.gnu-tools-for-stm32.10.3-2021.10.win32_1.0.100.202210260954/tools/bin/../lib/gcc/arm-none-eabi/10.3.1/../../../../arm-none-eabi/lib/thumb/v7e-m+dp/hard\libc_nano.a(lib_a-mlock.o)
                0x0000000008006d38                __malloc_unlock
 .text._malloc_usable_size_r
                0x0000000008006d44       0x10 c:/st/stm32cubeide_1.11.0/stm32cubeide/plugins/com.st.stm32cube.ide.mcu.externaltools.gnu-tools-for-stm32.10.3-2021.10.win32_1.0.100.202210260954/tools/bin/../lib/gcc/arm-none-eabi/10.3.1/../../../../arm-none-eabi/lib/thumb/v7e-m+dp/hard\libc_nano.a(lib_a-nano-msizer.o)
                0x0000000008006d44                _malloc_usable_size_r
 .text.__retarget_lock_acquire_recursive
                0x0000000008006d54        0x2 c:/st/stm32cubeide_1.11.0/stm32cubeide/plugins/com.st.stm32cube.ide.mcu.externaltools.gnu-tools-for-stm32.10.3-2021.10.win32_1.0.100.202210260954/tools/bin/../lib/gcc/arm-none-eabi/10.3.1/../../../../arm-none-eabi/lib/thumb/v7e-m+dp/hard\libc_nano.a(lib_a-lock.o)
                0x0000000008006d54                __retarget_lock_acquire_recursive
 .text.__retarget_lock_release_recursive
                0x0000000008006d56        0x2 c:/st/stm32cubeide_1.11.0/stm32cubeide/plugins/com.st.stm32cube.ide.mcu.externaltools.gnu-tools-for-stm32.10.3-2021.10.win32_1.0.100.202210260954/tools/bin/../lib/gcc/arm-none-eabi/10.3.1/../../../../arm-none-eabi/lib/thumb/v7e-m+dp/hard\libc_nano.a(lib_a-lock.o)
                0x0000000008006d56                __retarget_lock_release_recursive
 *(.glue_7)
 .glue_7        0x0000000008006d58        0x0 linker stubs
 *(.glue_7t)
 .glue_7t       0x0000000008006d58        0x0 linker stubs
 *(.eh_frame)
 .eh_frame      0x0000000008006d58        0x0 c:/st/stm32cubeide_1.11.0/stm32cubeide/plugins/com.st.stm32cube.ide.mcu.externaltools.gnu-tools-for-stm32.10.3-2021.10.win32_1.0.100.202210260954/tools/bin/../lib/gcc/arm-none-eabi/10.3.1/thumb/v7e-m+dp/hard/crtbegin.o
 *(.init)
 .init          0x0000000008006d58        0x4 c:/st/stm32cubeide_1.11.0/stm32cubeide/plugins/com.st.stm32cube.ide.mcu.externaltools.gnu-tools-for-stm32.10.3-2021.10.win32_1.0.100.202210260954/tools/bin/../lib/gcc/arm-none-eabi/10.3.1/thumb/v7e-m+dp/hard/crti.o
                0x0000000008006d58                _init
 .init          0x0000000008006d5c        0x8 c:/st/stm32cubeide_1.11.0/stm32cubeide/plugins/com.st.stm32cube.ide.mcu.externaltools.gnu-tools-for-stm32.10.3-2021.10.win32_1.0.100.202210260954/tools/bin/../lib/gcc/arm-none-eabi/10.3.1/thumb/v7e-m+dp/hard/crtn.o
 *(.fini)
 .fini          0x0000000008006d64        0x4 c:/st/stm32cubeide_1.11.0/stm32cubeide/plugins/com.st.stm32cube.ide.mcu.externaltools.gnu-tools-for-stm32.10.3-2021.10.win32_1.0.100.202210260954/tools/bin/../lib/gcc/arm-none-eabi/10.3.1/thumb/v7e-m+dp/hard/crti.o
                0x0000000008006d64                _fini
 .fini          0x0000000008006d68        0x8 c:/st/stm32cubeide_1.11.0/stm32cubeide/plugins/com.st.stm32cube.ide.mcu.externaltools.gnu-tools-for-stm32.10.3-2021.10.win32_1.0.100.202210260954/tools/bin/../lib/gcc/arm-none-eabi/10.3.1/thumb/v7e-m+dp/hard/crtn.o
                0x0000000008006d70                . = ALIGN (0x4)
                0x0000000008006d70                _etext = .

.vfp11_veneer   0x0000000008006d70        0x0
 .vfp11_veneer  0x0000000008006d70        0x0 linker stubs

.v4_bx          0x0000000008006d70        0x0
 .v4_bx         0x0000000008006d70        0x0 linker stubs

.iplt           0x0000000008006d70        0x0
 .iplt          0x0000000008006d70        0x0 c:/st/stm32cubeide_1.11.0/stm32cubeide/plugins/com.st.stm32cube.ide.mcu.externaltools.gnu-tools-for-stm32.10.3-2021.10.win32_1.0.100.202210260954/tools/bin/../lib/gcc/arm-none-eabi/10.3.1/thumb/v7e-m+dp/hard/crtbegin.o

.rodata         0x0000000008006d70      0x3e0
                0x0000000008006d70                . = ALIGN (0x4)
 *(.rodata)
 .rodata        0x0000000008006d70      0x144 ./Core/Src/main.o
 .rodata        0x0000000008006eb4       0x17 ./Core/Src/stm32f7xx_it.o
 *(.rodata*)
 *fill*         0x0000000008006ecb        0x1 
 .rodata.font   0x0000000008006ecc      0x240 ./Core/Inc/ILI9341/ILI9341_GFX.o
 .rodata.AHBPrescTable
                0x000000000800710c       0x10 ./Core/Src/system_stm32f7xx.o
                0x000000000800710c                AHBPrescTable
 .rodata._svfprintf_r.str1.1
                0x000000000800711c       0x11 c:/st/stm32cubeide_1.11.0/stm32cubeide/plugins/com.st.stm32cube.ide.mcu.externaltools.gnu-tools-for-stm32.10.3-2021.10.win32_1.0.100.202210260954/tools/bin/../lib/gcc/arm-none-eabi/10.3.1/../../../../arm-none-eabi/lib/thumb/v7e-m+dp/hard\libc_nano.a(lib_a-nano-svfprintf.o)
 .rodata._printf_i.str1.1
                0x000000000800712d       0x22 c:/st/stm32cubeide_1.11.0/stm32cubeide/plugins/com.st.stm32cube.ide.mcu.externaltools.gnu-tools-for-stm32.10.3-2021.10.win32_1.0.100.202210260954/tools/bin/../lib/gcc/arm-none-eabi/10.3.1/../../../../arm-none-eabi/lib/thumb/v7e-m+dp/hard\libc_nano.a(lib_a-nano-vfprintf_i.o)
                0x0000000008007150                . = ALIGN (0x4)
 *fill*         0x000000000800714f        0x1 

.ARM.extab      0x0000000008007150        0x0
                0x0000000008007150                . = ALIGN (0x4)
 *(.ARM.extab* .gnu.linkonce.armextab.*)
                0x0000000008007150                . = ALIGN (0x4)

.ARM            0x0000000008007150        0x8
                0x0000000008007150                . = ALIGN (0x4)
                0x0000000008007150                __exidx_start = .
 *(.ARM.exidx*)
 .ARM.exidx     0x0000000008007150        0x8 c:/st/stm32cubeide_1.11.0/stm32cubeide/plugins/com.st.stm32cube.ide.mcu.externaltools.gnu-tools-for-stm32.10.3-2021.10.win32_1.0.100.202210260954/tools/bin/../lib/gcc/arm-none-eabi/10.3.1/thumb/v7e-m+dp/hard\libgcc.a(_udivmoddi4.o)
                0x0000000008007158                __exidx_end = .
                0x0000000008007158                . = ALIGN (0x4)

.rel.dyn        0x0000000008007158        0x0
 .rel.iplt      0x0000000008007158        0x0 c:/st/stm32cubeide_1.11.0/stm32cubeide/plugins/com.st.stm32cube.ide.mcu.externaltools.gnu-tools-for-stm32.10.3-2021.10.win32_1.0.100.202210260954/tools/bin/../lib/gcc/arm-none-eabi/10.3.1/thumb/v7e-m+dp/hard/crtbegin.o

.preinit_array  0x0000000008007158        0x0
                0x0000000008007158                . = ALIGN (0x4)
                0x0000000008007158                PROVIDE (__preinit_array_start = .)
 *(.preinit_array*)
                0x0000000008007158                PROVIDE (__preinit_array_end = .)
                0x0000000008007158                . = ALIGN (0x4)

.init_array     0x0000000008007158        0x4
                0x0000000008007158                . = ALIGN (0x4)
                0x0000000008007158                PROVIDE (__init_array_start = .)
 *(SORT_BY_NAME(.init_array.*))
 *(.init_array*)
 .init_array    0x0000000008007158        0x4 c:/st/stm32cubeide_1.11.0/stm32cubeide/plugins/com.st.stm32cube.ide.mcu.externaltools.gnu-tools-for-stm32.10.3-2021.10.win32_1.0.100.202210260954/tools/bin/../lib/gcc/arm-none-eabi/10.3.1/thumb/v7e-m+dp/hard/crtbegin.o
                0x000000000800715c                PROVIDE (__init_array_end = .)
                0x000000000800715c                . = ALIGN (0x4)

.fini_array     0x000000000800715c        0x4
                0x000000000800715c                . = ALIGN (0x4)
                [!provide]                        PROVIDE (__fini_array_start = .)
 *(SORT_BY_NAME(.fini_array.*))
 *(.fini_array*)
 .fini_array    0x000000000800715c        0x4 c:/st/stm32cubeide_1.11.0/stm32cubeide/plugins/com.st.stm32cube.ide.mcu.externaltools.gnu-tools-for-stm32.10.3-2021.10.win32_1.0.100.202210260954/tools/bin/../lib/gcc/arm-none-eabi/10.3.1/thumb/v7e-m+dp/hard/crtbegin.o
                [!provide]                        PROVIDE (__fini_array_end = .)
                0x0000000008007160                . = ALIGN (0x4)
                0x0000000008007160                _sidata = LOADADDR (.data)

.data           0x0000000020000000       0x74 load address 0x0000000008007160
                0x0000000020000000                . = ALIGN (0x4)
                0x0000000020000000                _sdata = .
 *(.data)
 *(.data*)
 .data.LCD_HEIGHT
                0x0000000020000000        0x2 ./Core/Inc/ILI9341/ILI9341_STM32_Driver.o
                0x0000000020000000                LCD_HEIGHT
 .data.LCD_WIDTH
                0x0000000020000002        0x2 ./Core/Inc/ILI9341/ILI9341_STM32_Driver.o
                0x0000000020000002                LCD_WIDTH
 .data.SystemCoreClock
                0x0000000020000004        0x4 ./Core/Src/system_stm32f7xx.o
                0x0000000020000004                SystemCoreClock
 .data.uwTickPrio
                0x0000000020000008        0x4 ./Drivers/STM32F7xx_HAL_Driver/Src/stm32f7xx_hal.o
                0x0000000020000008                uwTickPrio
 .data.uwTickFreq
                0x000000002000000c        0x1 ./Drivers/STM32F7xx_HAL_Driver/Src/stm32f7xx_hal.o
                0x000000002000000c                uwTickFreq
 *fill*         0x000000002000000d        0x3 
 .data._impure_ptr
                0x0000000020000010        0x4 c:/st/stm32cubeide_1.11.0/stm32cubeide/plugins/com.st.stm32cube.ide.mcu.externaltools.gnu-tools-for-stm32.10.3-2021.10.win32_1.0.100.202210260954/tools/bin/../lib/gcc/arm-none-eabi/10.3.1/../../../../arm-none-eabi/lib/thumb/v7e-m+dp/hard\libc_nano.a(lib_a-impure.o)
                0x0000000020000010                _impure_ptr
 .data.impure_data
                0x0000000020000014       0x60 c:/st/stm32cubeide_1.11.0/stm32cubeide/plugins/com.st.stm32cube.ide.mcu.externaltools.gnu-tools-for-stm32.10.3-2021.10.win32_1.0.100.202210260954/tools/bin/../lib/gcc/arm-none-eabi/10.3.1/../../../../arm-none-eabi/lib/thumb/v7e-m+dp/hard\libc_nano.a(lib_a-impure.o)
 *(.RamFunc)
 *(.RamFunc*)
                0x0000000020000074                . = ALIGN (0x4)
                0x0000000020000074                _edata = .

.igot.plt       0x0000000020000074        0x0 load address 0x00000000080071d4
 .igot.plt      0x0000000020000074        0x0 c:/st/stm32cubeide_1.11.0/stm32cubeide/plugins/com.st.stm32cube.ide.mcu.externaltools.gnu-tools-for-stm32.10.3-2021.10.win32_1.0.100.202210260954/tools/bin/../lib/gcc/arm-none-eabi/10.3.1/thumb/v7e-m+dp/hard/crtbegin.o
                0x0000000020000074                . = ALIGN (0x4)

.bss            0x0000000020000074      0x18c load address 0x00000000080071d4
                0x0000000020000074                _sbss = .
                0x0000000020000074                __bss_start__ = _sbss
 *(.bss)
 .bss           0x0000000020000074       0x1c c:/st/stm32cubeide_1.11.0/stm32cubeide/plugins/com.st.stm32cube.ide.mcu.externaltools.gnu-tools-for-stm32.10.3-2021.10.win32_1.0.100.202210260954/tools/bin/../lib/gcc/arm-none-eabi/10.3.1/thumb/v7e-m+dp/hard/crtbegin.o
 *(.bss*)
 .bss.hadc1     0x0000000020000090       0x48 ./Core/Src/adc.o
                0x0000000020000090                hadc1
 .bss.currentMillis
                0x00000000200000d8        0x4 ./Core/Src/main.o
                0x00000000200000d8                currentMillis
 .bss.previousMillis
                0x00000000200000dc        0x4 ./Core/Src/main.o
                0x00000000200000dc                previousMillis
 .bss.start     0x00000000200000e0        0x1 ./Core/Src/main.o
                0x00000000200000e0                start
 .bss.ok        0x00000000200000e1        0x1 ./Core/Src/main.o
                0x00000000200000e1                ok
 .bss.cancel    0x00000000200000e2        0x1 ./Core/Src/main.o
                0x00000000200000e2                cancel
 .bss.pause     0x00000000200000e3        0x1 ./Core/Src/main.o
                0x00000000200000e3                pause
 .bss.touch     0x00000000200000e4        0x1 ./Core/Src/main.o
                0x00000000200000e4                touch
 *fill*         0x00000000200000e5        0x3 
 .bss.adc_val   0x00000000200000e8        0x4 ./Core/Src/main.o
                0x00000000200000e8                adc_val
 .bss.hspi5     0x00000000200000ec       0x64 ./Core/Src/spi.o
                0x00000000200000ec                hspi5
 .bss.__sbrk_heap_end
                0x0000000020000150        0x4 ./Core/Src/sysmem.o
 .bss.htim1     0x0000000020000154       0x4c ./Core/Src/tim.o
                0x0000000020000154                htim1
 .bss.htim2     0x00000000200001a0       0x4c ./Core/Src/tim.o
                0x00000000200001a0                htim2
 .bss.uwTick    0x00000000200001ec        0x4 ./Drivers/STM32F7xx_HAL_Driver/Src/stm32f7xx_hal.o
                0x00000000200001ec                uwTick
 .bss.__malloc_free_list
                0x00000000200001f0        0x4 c:/st/stm32cubeide_1.11.0/stm32cubeide/plugins/com.st.stm32cube.ide.mcu.externaltools.gnu-tools-for-stm32.10.3-2021.10.win32_1.0.100.202210260954/tools/bin/../lib/gcc/arm-none-eabi/10.3.1/../../../../arm-none-eabi/lib/thumb/v7e-m+dp/hard\libc_nano.a(lib_a-nano-mallocr.o)
                0x00000000200001f0                __malloc_free_list
 .bss.__malloc_sbrk_start
                0x00000000200001f4        0x4 c:/st/stm32cubeide_1.11.0/stm32cubeide/plugins/com.st.stm32cube.ide.mcu.externaltools.gnu-tools-for-stm32.10.3-2021.10.win32_1.0.100.202210260954/tools/bin/../lib/gcc/arm-none-eabi/10.3.1/../../../../arm-none-eabi/lib/thumb/v7e-m+dp/hard\libc_nano.a(lib_a-nano-mallocr.o)
                0x00000000200001f4                __malloc_sbrk_start
 .bss.errno     0x00000000200001f8        0x4 c:/st/stm32cubeide_1.11.0/stm32cubeide/plugins/com.st.stm32cube.ide.mcu.externaltools.gnu-tools-for-stm32.10.3-2021.10.win32_1.0.100.202210260954/tools/bin/../lib/gcc/arm-none-eabi/10.3.1/../../../../arm-none-eabi/lib/thumb/v7e-m+dp/hard\libc_nano.a(lib_a-reent.o)
                0x00000000200001f8                errno
 .bss.__lock___malloc_recursive_mutex
                0x00000000200001fc        0x1 c:/st/stm32cubeide_1.11.0/stm32cubeide/plugins/com.st.stm32cube.ide.mcu.externaltools.gnu-tools-for-stm32.10.3-2021.10.win32_1.0.100.202210260954/tools/bin/../lib/gcc/arm-none-eabi/10.3.1/../../../../arm-none-eabi/lib/thumb/v7e-m+dp/hard\libc_nano.a(lib_a-lock.o)
                0x00000000200001fc                __lock___malloc_recursive_mutex
 *(COMMON)
                0x0000000020000200                . = ALIGN (0x4)
 *fill*         0x00000000200001fd        0x3 
                0x0000000020000200                _ebss = .
                0x0000000020000200                __bss_end__ = _ebss

._user_heap_stack
                0x0000000020000200      0x600 load address 0x00000000080071d4
                0x0000000020000200                . = ALIGN (0x8)
                [!provide]                        PROVIDE (end = .)
                0x0000000020000200                PROVIDE (_end = .)
                0x0000000020000400                . = (. + _Min_Heap_Size)
 *fill*         0x0000000020000200      0x200 
                0x0000000020000800                . = (. + _Min_Stack_Size)
 *fill*         0x0000000020000400      0x400 
                0x0000000020000800                . = ALIGN (0x8)

/DISCARD/
 libc.a(*)
 libm.a(*)
 libgcc.a(*)

.ARM.attributes
                0x0000000000000000       0x2e
 *(.ARM.attributes)
 .ARM.attributes
                0x0000000000000000       0x1e c:/st/stm32cubeide_1.11.0/stm32cubeide/plugins/com.st.stm32cube.ide.mcu.externaltools.gnu-tools-for-stm32.10.3-2021.10.win32_1.0.100.202210260954/tools/bin/../lib/gcc/arm-none-eabi/10.3.1/thumb/v7e-m+dp/hard/crti.o
 .ARM.attributes
                0x000000000000001e       0x32 c:/st/stm32cubeide_1.11.0/stm32cubeide/plugins/com.st.stm32cube.ide.mcu.externaltools.gnu-tools-for-stm32.10.3-2021.10.win32_1.0.100.202210260954/tools/bin/../lib/gcc/arm-none-eabi/10.3.1/thumb/v7e-m+dp/hard/crtbegin.o
 .ARM.attributes
                0x0000000000000050       0x32 ./Core/Inc/ILI9341/ILI9341_GFX.o
 .ARM.attributes
                0x0000000000000082       0x32 ./Core/Inc/ILI9341/ILI9341_STM32_Driver.o
 .ARM.attributes
                0x00000000000000b4       0x32 ./Core/Inc/ILI9341/ILI9341_Touchscreen.o
 .ARM.attributes
                0x00000000000000e6       0x32 ./Core/Src/adc.o
 .ARM.attributes
                0x0000000000000118       0x32 ./Core/Src/gpio.o
 .ARM.attributes
                0x000000000000014a       0x32 ./Core/Src/main.o
 .ARM.attributes
                0x000000000000017c       0x32 ./Core/Src/spi.o
 .ARM.attributes
                0x00000000000001ae       0x32 ./Core/Src/stm32f7xx_hal_msp.o
 .ARM.attributes
                0x00000000000001e0       0x32 ./Core/Src/stm32f7xx_it.o
 .ARM.attributes
                0x0000000000000212       0x32 ./Core/Src/sysmem.o
 .ARM.attributes
                0x0000000000000244       0x32 ./Core/Src/system_stm32f7xx.o
 .ARM.attributes
                0x0000000000000276       0x32 ./Core/Src/tim.o
 .ARM.attributes
                0x00000000000002a8       0x21 ./Core/Startup/startup_stm32f767zitx.o
 .ARM.attributes
                0x00000000000002c9       0x32 ./Drivers/STM32F7xx_HAL_Driver/Src/stm32f7xx_hal.o
 .ARM.attributes
                0x00000000000002fb       0x32 ./Drivers/STM32F7xx_HAL_Driver/Src/stm32f7xx_hal_adc.o
 .ARM.attributes
                0x000000000000032d       0x32 ./Drivers/STM32F7xx_HAL_Driver/Src/stm32f7xx_hal_adc_ex.o
 .ARM.attributes
                0x000000000000035f       0x32 ./Drivers/STM32F7xx_HAL_Driver/Src/stm32f7xx_hal_cortex.o
 .ARM.attributes
                0x0000000000000391       0x32 ./Drivers/STM32F7xx_HAL_Driver/Src/stm32f7xx_hal_gpio.o
 .ARM.attributes
                0x00000000000003c3       0x32 ./Drivers/STM32F7xx_HAL_Driver/Src/stm32f7xx_hal_pwr_ex.o
 .ARM.attributes
                0x00000000000003f5       0x32 ./Drivers/STM32F7xx_HAL_Driver/Src/stm32f7xx_hal_rcc.o
 .ARM.attributes
                0x0000000000000427       0x32 ./Drivers/STM32F7xx_HAL_Driver/Src/stm32f7xx_hal_spi.o
 .ARM.attributes
                0x0000000000000459       0x32 ./Drivers/STM32F7xx_HAL_Driver/Src/stm32f7xx_hal_tim.o
 .ARM.attributes
                0x000000000000048b       0x32 ./Drivers/STM32F7xx_HAL_Driver/Src/stm32f7xx_hal_tim_ex.o
 .ARM.attributes
                0x00000000000004bd       0x32 c:/st/stm32cubeide_1.11.0/stm32cubeide/plugins/com.st.stm32cube.ide.mcu.externaltools.gnu-tools-for-stm32.10.3-2021.10.win32_1.0.100.202210260954/tools/bin/../lib/gcc/arm-none-eabi/10.3.1/../../../../arm-none-eabi/lib/thumb/v7e-m+dp/hard\libc_nano.a(lib_a-errno.o)
 .ARM.attributes
                0x00000000000004ef       0x32 c:/st/stm32cubeide_1.11.0/stm32cubeide/plugins/com.st.stm32cube.ide.mcu.externaltools.gnu-tools-for-stm32.10.3-2021.10.win32_1.0.100.202210260954/tools/bin/../lib/gcc/arm-none-eabi/10.3.1/../../../../arm-none-eabi/lib/thumb/v7e-m+dp/hard\libc_nano.a(lib_a-impure.o)
 .ARM.attributes
                0x0000000000000521       0x32 c:/st/stm32cubeide_1.11.0/stm32cubeide/plugins/com.st.stm32cube.ide.mcu.externaltools.gnu-tools-for-stm32.10.3-2021.10.win32_1.0.100.202210260954/tools/bin/../lib/gcc/arm-none-eabi/10.3.1/../../../../arm-none-eabi/lib/thumb/v7e-m+dp/hard\libc_nano.a(lib_a-init.o)
 .ARM.attributes
                0x0000000000000553       0x32 c:/st/stm32cubeide_1.11.0/stm32cubeide/plugins/com.st.stm32cube.ide.mcu.externaltools.gnu-tools-for-stm32.10.3-2021.10.win32_1.0.100.202210260954/tools/bin/../lib/gcc/arm-none-eabi/10.3.1/../../../../arm-none-eabi/lib/thumb/v7e-m+dp/hard\libc_nano.a(lib_a-memset.o)
 .ARM.attributes
                0x0000000000000585       0x32 c:/st/stm32cubeide_1.11.0/stm32cubeide/plugins/com.st.stm32cube.ide.mcu.externaltools.gnu-tools-for-stm32.10.3-2021.10.win32_1.0.100.202210260954/tools/bin/../lib/gcc/arm-none-eabi/10.3.1/../../../../arm-none-eabi/lib/thumb/v7e-m+dp/hard\libc_nano.a(lib_a-sprintf.o)
 .ARM.attributes
                0x00000000000005b7       0x32 c:/st/stm32cubeide_1.11.0/stm32cubeide/plugins/com.st.stm32cube.ide.mcu.externaltools.gnu-tools-for-stm32.10.3-2021.10.win32_1.0.100.202210260954/tools/bin/../lib/gcc/arm-none-eabi/10.3.1/../../../../arm-none-eabi/lib/thumb/v7e-m+dp/hard\libc_nano.a(lib_a-nano-svfprintf.o)
 .ARM.attributes
                0x00000000000005e9       0x32 c:/st/stm32cubeide_1.11.0/stm32cubeide/plugins/com.st.stm32cube.ide.mcu.externaltools.gnu-tools-for-stm32.10.3-2021.10.win32_1.0.100.202210260954/tools/bin/../lib/gcc/arm-none-eabi/10.3.1/../../../../arm-none-eabi/lib/thumb/v7e-m+dp/hard\libc_nano.a(lib_a-nano-vfprintf_i.o)
 .ARM.attributes
                0x000000000000061b       0x1c c:/st/stm32cubeide_1.11.0/stm32cubeide/plugins/com.st.stm32cube.ide.mcu.externaltools.gnu-tools-for-stm32.10.3-2021.10.win32_1.0.100.202210260954/tools/bin/../lib/gcc/arm-none-eabi/10.3.1/../../../../arm-none-eabi/lib/thumb/v7e-m+dp/hard\libc_nano.a(lib_a-memchr.o)
 .ARM.attributes
                0x0000000000000637       0x32 c:/st/stm32cubeide_1.11.0/stm32cubeide/plugins/com.st.stm32cube.ide.mcu.externaltools.gnu-tools-for-stm32.10.3-2021.10.win32_1.0.100.202210260954/tools/bin/../lib/gcc/arm-none-eabi/10.3.1/../../../../arm-none-eabi/lib/thumb/v7e-m+dp/hard\libc_nano.a(lib_a-memcpy-stub.o)
 .ARM.attributes
                0x0000000000000669       0x32 c:/st/stm32cubeide_1.11.0/stm32cubeide/plugins/com.st.stm32cube.ide.mcu.externaltools.gnu-tools-for-stm32.10.3-2021.10.win32_1.0.100.202210260954/tools/bin/../lib/gcc/arm-none-eabi/10.3.1/../../../../arm-none-eabi/lib/thumb/v7e-m+dp/hard\libc_nano.a(lib_a-memmove.o)
 .ARM.attributes
                0x000000000000069b       0x32 c:/st/stm32cubeide_1.11.0/stm32cubeide/plugins/com.st.stm32cube.ide.mcu.externaltools.gnu-tools-for-stm32.10.3-2021.10.win32_1.0.100.202210260954/tools/bin/../lib/gcc/arm-none-eabi/10.3.1/../../../../arm-none-eabi/lib/thumb/v7e-m+dp/hard\libc_nano.a(lib_a-nano-freer.o)
 .ARM.attributes
                0x00000000000006cd       0x32 c:/st/stm32cubeide_1.11.0/stm32cubeide/plugins/com.st.stm32cube.ide.mcu.externaltools.gnu-tools-for-stm32.10.3-2021.10.win32_1.0.100.202210260954/tools/bin/../lib/gcc/arm-none-eabi/10.3.1/../../../../arm-none-eabi/lib/thumb/v7e-m+dp/hard\libc_nano.a(lib_a-nano-mallocr.o)
 .ARM.attributes
                0x00000000000006ff       0x32 c:/st/stm32cubeide_1.11.0/stm32cubeide/plugins/com.st.stm32cube.ide.mcu.externaltools.gnu-tools-for-stm32.10.3-2021.10.win32_1.0.100.202210260954/tools/bin/../lib/gcc/arm-none-eabi/10.3.1/../../../../arm-none-eabi/lib/thumb/v7e-m+dp/hard\libc_nano.a(lib_a-nano-reallocr.o)
 .ARM.attributes
                0x0000000000000731       0x32 c:/st/stm32cubeide_1.11.0/stm32cubeide/plugins/com.st.stm32cube.ide.mcu.externaltools.gnu-tools-for-stm32.10.3-2021.10.win32_1.0.100.202210260954/tools/bin/../lib/gcc/arm-none-eabi/10.3.1/../../../../arm-none-eabi/lib/thumb/v7e-m+dp/hard\libc_nano.a(lib_a-sbrkr.o)
 .ARM.attributes
                0x0000000000000763       0x32 c:/st/stm32cubeide_1.11.0/stm32cubeide/plugins/com.st.stm32cube.ide.mcu.externaltools.gnu-tools-for-stm32.10.3-2021.10.win32_1.0.100.202210260954/tools/bin/../lib/gcc/arm-none-eabi/10.3.1/../../../../arm-none-eabi/lib/thumb/v7e-m+dp/hard\libc_nano.a(lib_a-mlock.o)
 .ARM.attributes
                0x0000000000000795       0x32 c:/st/stm32cubeide_1.11.0/stm32cubeide/plugins/com.st.stm32cube.ide.mcu.externaltools.gnu-tools-for-stm32.10.3-2021.10.win32_1.0.100.202210260954/tools/bin/../lib/gcc/arm-none-eabi/10.3.1/../../../../arm-none-eabi/lib/thumb/v7e-m+dp/hard\libc_nano.a(lib_a-nano-msizer.o)
 .ARM.attributes
                0x00000000000007c7       0x32 c:/st/stm32cubeide_1.11.0/stm32cubeide/plugins/com.st.stm32cube.ide.mcu.externaltools.gnu-tools-for-stm32.10.3-2021.10.win32_1.0.100.202210260954/tools/bin/../lib/gcc/arm-none-eabi/10.3.1/../../../../arm-none-eabi/lib/thumb/v7e-m+dp/hard\libc_nano.a(lib_a-reent.o)
 .ARM.attributes
                0x00000000000007f9       0x32 c:/st/stm32cubeide_1.11.0/stm32cubeide/plugins/com.st.stm32cube.ide.mcu.externaltools.gnu-tools-for-stm32.10.3-2021.10.win32_1.0.100.202210260954/tools/bin/../lib/gcc/arm-none-eabi/10.3.1/../../../../arm-none-eabi/lib/thumb/v7e-m+dp/hard\libc_nano.a(lib_a-lock.o)
 .ARM.attributes
                0x000000000000082b       0x1e c:/st/stm32cubeide_1.11.0/stm32cubeide/plugins/com.st.stm32cube.ide.mcu.externaltools.gnu-tools-for-stm32.10.3-2021.10.win32_1.0.100.202210260954/tools/bin/../lib/gcc/arm-none-eabi/10.3.1/thumb/v7e-m+dp/hard\libgcc.a(_aeabi_uldivmod.o)
 .ARM.attributes
                0x0000000000000849       0x32 c:/st/stm32cubeide_1.11.0/stm32cubeide/plugins/com.st.stm32cube.ide.mcu.externaltools.gnu-tools-for-stm32.10.3-2021.10.win32_1.0.100.202210260954/tools/bin/../lib/gcc/arm-none-eabi/10.3.1/thumb/v7e-m+dp/hard\libgcc.a(_udivmoddi4.o)
 .ARM.attributes
                0x000000000000087b       0x1e c:/st/stm32cubeide_1.11.0/stm32cubeide/plugins/com.st.stm32cube.ide.mcu.externaltools.gnu-tools-for-stm32.10.3-2021.10.win32_1.0.100.202210260954/tools/bin/../lib/gcc/arm-none-eabi/10.3.1/thumb/v7e-m+dp/hard\libgcc.a(_dvmd_tls.o)
 .ARM.attributes
                0x0000000000000899       0x1e c:/st/stm32cubeide_1.11.0/stm32cubeide/plugins/com.st.stm32cube.ide.mcu.externaltools.gnu-tools-for-stm32.10.3-2021.10.win32_1.0.100.202210260954/tools/bin/../lib/gcc/arm-none-eabi/10.3.1/thumb/v7e-m+dp/hard/crtn.o
OUTPUT(Assignment.elf elf32-littlearm)
LOAD linker stubs
LOAD c:/st/stm32cubeide_1.11.0/stm32cubeide/plugins/com.st.stm32cube.ide.mcu.externaltools.gnu-tools-for-stm32.10.3-2021.10.win32_1.0.100.202210260954/tools/bin/../lib/gcc/arm-none-eabi/10.3.1/../../../../arm-none-eabi/lib/thumb/v7e-m+dp/hard\libc.a
LOAD c:/st/stm32cubeide_1.11.0/stm32cubeide/plugins/com.st.stm32cube.ide.mcu.externaltools.gnu-tools-for-stm32.10.3-2021.10.win32_1.0.100.202210260954/tools/bin/../lib/gcc/arm-none-eabi/10.3.1/../../../../arm-none-eabi/lib/thumb/v7e-m+dp/hard\libm.a
LOAD c:/st/stm32cubeide_1.11.0/stm32cubeide/plugins/com.st.stm32cube.ide.mcu.externaltools.gnu-tools-for-stm32.10.3-2021.10.win32_1.0.100.202210260954/tools/bin/../lib/gcc/arm-none-eabi/10.3.1/thumb/v7e-m+dp/hard\libgcc.a

.debug_info     0x0000000000000000    0x1235a
 .debug_info    0x0000000000000000      0xe3a ./Core/Inc/ILI9341/ILI9341_GFX.o
 .debug_info    0x0000000000000e3a      0xbbc ./Core/Inc/ILI9341/ILI9341_STM32_Driver.o
 .debug_info    0x00000000000019f6      0x2f7 ./Core/Inc/ILI9341/ILI9341_Touchscreen.o
 .debug_info    0x0000000000001ced      0xd69 ./Core/Src/adc.o
 .debug_info    0x0000000000002a56      0x7f5 ./Core/Src/gpio.o
 .debug_info    0x000000000000324b     0x194a ./Core/Src/main.o
 .debug_info    0x0000000000004b95      0xa3c ./Core/Src/spi.o
 .debug_info    0x00000000000055d1      0x2d2 ./Core/Src/stm32f7xx_hal_msp.o
 .debug_info    0x00000000000058a3      0x874 ./Core/Src/stm32f7xx_it.o
 .debug_info    0x0000000000006117      0x171 ./Core/Src/sysmem.o
 .debug_info    0x0000000000006288      0x72c ./Core/Src/system_stm32f7xx.o
 .debug_info    0x00000000000069b4      0xd60 ./Core/Src/tim.o
 .debug_info    0x0000000000007714       0x22 ./Core/Startup/startup_stm32f767zitx.o
 .debug_info    0x0000000000007736      0xafa ./Drivers/STM32F7xx_HAL_Driver/Src/stm32f7xx_hal.o
 .debug_info    0x0000000000008230      0xd19 ./Drivers/STM32F7xx_HAL_Driver/Src/stm32f7xx_hal_adc.o
 .debug_info    0x0000000000008f49      0xb68 ./Drivers/STM32F7xx_HAL_Driver/Src/stm32f7xx_hal_adc_ex.o
 .debug_info    0x0000000000009ab1     0x109c ./Drivers/STM32F7xx_HAL_Driver/Src/stm32f7xx_hal_cortex.o
 .debug_info    0x000000000000ab4d      0x7a2 ./Drivers/STM32F7xx_HAL_Driver/Src/stm32f7xx_hal_gpio.o
 .debug_info    0x000000000000b2ef      0x92e ./Drivers/STM32F7xx_HAL_Driver/Src/stm32f7xx_hal_pwr_ex.o
 .debug_info    0x000000000000bc1d      0x9f8 ./Drivers/STM32F7xx_HAL_Driver/Src/stm32f7xx_hal_rcc.o
 .debug_info    0x000000000000c615     0x1802 ./Drivers/STM32F7xx_HAL_Driver/Src/stm32f7xx_hal_spi.o
 .debug_info    0x000000000000de17     0x2d3e ./Drivers/STM32F7xx_HAL_Driver/Src/stm32f7xx_hal_tim.o
 .debug_info    0x0000000000010b55     0x1805 ./Drivers/STM32F7xx_HAL_Driver/Src/stm32f7xx_hal_tim_ex.o

.debug_abbrev   0x0000000000000000     0x2d4c
 .debug_abbrev  0x0000000000000000      0x250 ./Core/Inc/ILI9341/ILI9341_GFX.o
 .debug_abbrev  0x0000000000000250      0x25e ./Core/Inc/ILI9341/ILI9341_STM32_Driver.o
 .debug_abbrev  0x00000000000004ae      0x192 ./Core/Inc/ILI9341/ILI9341_Touchscreen.o
 .debug_abbrev  0x0000000000000640      0x1fe ./Core/Src/adc.o
 .debug_abbrev  0x000000000000083e      0x164 ./Core/Src/gpio.o
 .debug_abbrev  0x00000000000009a2      0x39f ./Core/Src/main.o
 .debug_abbrev  0x0000000000000d41      0x1e0 ./Core/Src/spi.o
 .debug_abbrev  0x0000000000000f21       0xd4 ./Core/Src/stm32f7xx_hal_msp.o
 .debug_abbrev  0x0000000000000ff5      0x1f4 ./Core/Src/stm32f7xx_it.o
 .debug_abbrev  0x00000000000011e9       0xbb ./Core/Src/sysmem.o
 .debug_abbrev  0x00000000000012a4      0x136 ./Core/Src/system_stm32f7xx.o
 .debug_abbrev  0x00000000000013da      0x216 ./Core/Src/tim.o
 .debug_abbrev  0x00000000000015f0       0x12 ./Core/Startup/startup_stm32f767zitx.o
 .debug_abbrev  0x0000000000001602      0x20d ./Drivers/STM32F7xx_HAL_Driver/Src/stm32f7xx_hal.o
 .debug_abbrev  0x000000000000180f      0x244 ./Drivers/STM32F7xx_HAL_Driver/Src/stm32f7xx_hal_adc.o
 .debug_abbrev  0x0000000000001a53      0x25f ./Drivers/STM32F7xx_HAL_Driver/Src/stm32f7xx_hal_adc_ex.o
 .debug_abbrev  0x0000000000001cb2      0x316 ./Drivers/STM32F7xx_HAL_Driver/Src/stm32f7xx_hal_cortex.o
 .debug_abbrev  0x0000000000001fc8      0x1c4 ./Drivers/STM32F7xx_HAL_Driver/Src/stm32f7xx_hal_gpio.o
 .debug_abbrev  0x000000000000218c      0x1cb ./Drivers/STM32F7xx_HAL_Driver/Src/stm32f7xx_hal_pwr_ex.o
 .debug_abbrev  0x0000000000002357      0x2d1 ./Drivers/STM32F7xx_HAL_Driver/Src/stm32f7xx_hal_rcc.o
 .debug_abbrev  0x0000000000002628      0x254 ./Drivers/STM32F7xx_HAL_Driver/Src/stm32f7xx_hal_spi.o
 .debug_abbrev  0x000000000000287c      0x264 ./Drivers/STM32F7xx_HAL_Driver/Src/stm32f7xx_hal_tim.o
 .debug_abbrev  0x0000000000002ae0      0x26c ./Drivers/STM32F7xx_HAL_Driver/Src/stm32f7xx_hal_tim_ex.o

.debug_aranges  0x0000000000000000      0xf98
 .debug_aranges
                0x0000000000000000       0x50 ./Core/Inc/ILI9341/ILI9341_GFX.o
 .debug_aranges
                0x0000000000000050       0x98 ./Core/Inc/ILI9341/ILI9341_STM32_Driver.o
 .debug_aranges
                0x00000000000000e8       0x38 ./Core/Inc/ILI9341/ILI9341_Touchscreen.o
 .debug_aranges
                0x0000000000000120       0x30 ./Core/Src/adc.o
 .debug_aranges
                0x0000000000000150       0x20 ./Core/Src/gpio.o
 .debug_aranges
                0x0000000000000170       0x78 ./Core/Src/main.o
 .debug_aranges
                0x00000000000001e8       0x30 ./Core/Src/spi.o
 .debug_aranges
                0x0000000000000218       0x20 ./Core/Src/stm32f7xx_hal_msp.o
 .debug_aranges
                0x0000000000000238       0x78 ./Core/Src/stm32f7xx_it.o
 .debug_aranges
                0x00000000000002b0       0x20 ./Core/Src/sysmem.o
 .debug_aranges
                0x00000000000002d0       0x28 ./Core/Src/system_stm32f7xx.o
 .debug_aranges
                0x00000000000002f8       0x40 ./Core/Src/tim.o
 .debug_aranges
                0x0000000000000338       0x28 ./Core/Startup/startup_stm32f767zitx.o
 .debug_aranges
                0x0000000000000360      0x110 ./Drivers/STM32F7xx_HAL_Driver/Src/stm32f7xx_hal.o
 .debug_aranges
                0x0000000000000470       0xe8 ./Drivers/STM32F7xx_HAL_Driver/Src/stm32f7xx_hal_adc.o
 .debug_aranges
                0x0000000000000558       0x90 ./Drivers/STM32F7xx_HAL_Driver/Src/stm32f7xx_hal_adc_ex.o
 .debug_aranges
                0x00000000000005e8      0x118 ./Drivers/STM32F7xx_HAL_Driver/Src/stm32f7xx_hal_cortex.o
 .debug_aranges
                0x0000000000000700       0x58 ./Drivers/STM32F7xx_HAL_Driver/Src/stm32f7xx_hal_gpio.o
 .debug_aranges
                0x0000000000000758       0x80 ./Drivers/STM32F7xx_HAL_Driver/Src/stm32f7xx_hal_pwr_ex.o
 .debug_aranges
                0x00000000000007d8       0x88 ./Drivers/STM32F7xx_HAL_Driver/Src/stm32f7xx_hal_rcc.o
 .debug_aranges
                0x0000000000000860      0x1d8 ./Drivers/STM32F7xx_HAL_Driver/Src/stm32f7xx_hal_spi.o
 .debug_aranges
                0x0000000000000a38      0x3e0 ./Drivers/STM32F7xx_HAL_Driver/Src/stm32f7xx_hal_tim.o
 .debug_aranges
                0x0000000000000e18      0x180 ./Drivers/STM32F7xx_HAL_Driver/Src/stm32f7xx_hal_tim_ex.o

.debug_ranges   0x0000000000000000      0xe78
 .debug_ranges  0x0000000000000000       0x40 ./Core/Inc/ILI9341/ILI9341_GFX.o
 .debug_ranges  0x0000000000000040       0x88 ./Core/Inc/ILI9341/ILI9341_STM32_Driver.o
 .debug_ranges  0x00000000000000c8       0x28 ./Core/Inc/ILI9341/ILI9341_Touchscreen.o
 .debug_ranges  0x00000000000000f0       0x20 ./Core/Src/adc.o
 .debug_ranges  0x0000000000000110       0x10 ./Core/Src/gpio.o
 .debug_ranges  0x0000000000000120       0xb0 ./Core/Src/main.o
 .debug_ranges  0x00000000000001d0       0x20 ./Core/Src/spi.o
 .debug_ranges  0x00000000000001f0       0x10 ./Core/Src/stm32f7xx_hal_msp.o
 .debug_ranges  0x0000000000000200       0x68 ./Core/Src/stm32f7xx_it.o
 .debug_ranges  0x0000000000000268       0x10 ./Core/Src/sysmem.o
 .debug_ranges  0x0000000000000278       0x18 ./Core/Src/system_stm32f7xx.o
 .debug_ranges  0x0000000000000290       0x30 ./Core/Src/tim.o
 .debug_ranges  0x00000000000002c0       0x20 ./Core/Startup/startup_stm32f767zitx.o
 .debug_ranges  0x00000000000002e0      0x100 ./Drivers/STM32F7xx_HAL_Driver/Src/stm32f7xx_hal.o
 .debug_ranges  0x00000000000003e0       0xd8 ./Drivers/STM32F7xx_HAL_Driver/Src/stm32f7xx_hal_adc.o
 .debug_ranges  0x00000000000004b8       0x80 ./Drivers/STM32F7xx_HAL_Driver/Src/stm32f7xx_hal_adc_ex.o
 .debug_ranges  0x0000000000000538      0x108 ./Drivers/STM32F7xx_HAL_Driver/Src/stm32f7xx_hal_cortex.o
 .debug_ranges  0x0000000000000640       0x48 ./Drivers/STM32F7xx_HAL_Driver/Src/stm32f7xx_hal_gpio.o
 .debug_ranges  0x0000000000000688       0x70 ./Drivers/STM32F7xx_HAL_Driver/Src/stm32f7xx_hal_pwr_ex.o
 .debug_ranges  0x00000000000006f8       0x78 ./Drivers/STM32F7xx_HAL_Driver/Src/stm32f7xx_hal_rcc.o
 .debug_ranges  0x0000000000000770      0x1c8 ./Drivers/STM32F7xx_HAL_Driver/Src/stm32f7xx_hal_spi.o
 .debug_ranges  0x0000000000000938      0x3d0 ./Drivers/STM32F7xx_HAL_Driver/Src/stm32f7xx_hal_tim.o
 .debug_ranges  0x0000000000000d08      0x170 ./Drivers/STM32F7xx_HAL_Driver/Src/stm32f7xx_hal_tim_ex.o

.debug_macro    0x0000000000000000    0x2982f
 .debug_macro   0x0000000000000000      0x231 ./Core/Inc/ILI9341/ILI9341_GFX.o
 .debug_macro   0x0000000000000231      0xa90 ./Core/Inc/ILI9341/ILI9341_GFX.o
 .debug_macro   0x0000000000000cc1      0x299 ./Core/Inc/ILI9341/ILI9341_GFX.o
 .debug_macro   0x0000000000000f5a       0x2e ./Core/Inc/ILI9341/ILI9341_GFX.o
 .debug_macro   0x0000000000000f88       0x3b ./Core/Inc/ILI9341/ILI9341_GFX.o
 .debug_macro   0x0000000000000fc3       0x22 ./Core/Inc/ILI9341/ILI9341_GFX.o
 .debug_macro   0x0000000000000fe5       0x8e ./Core/Inc/ILI9341/ILI9341_GFX.o
 .debug_macro   0x0000000000001073       0x51 ./Core/Inc/ILI9341/ILI9341_GFX.o
 .debug_macro   0x00000000000010c4      0x103 ./Core/Inc/ILI9341/ILI9341_GFX.o
 .debug_macro   0x00000000000011c7       0x6a ./Core/Inc/ILI9341/ILI9341_GFX.o
 .debug_macro   0x0000000000001231      0x1df ./Core/Inc/ILI9341/ILI9341_GFX.o
 .debug_macro   0x0000000000001410       0x1c ./Core/Inc/ILI9341/ILI9341_GFX.o
 .debug_macro   0x000000000000142c       0x22 ./Core/Inc/ILI9341/ILI9341_GFX.o
 .debug_macro   0x000000000000144e       0xd9 ./Core/Inc/ILI9341/ILI9341_GFX.o
 .debug_macro   0x0000000000001527     0x12cd ./Core/Inc/ILI9341/ILI9341_GFX.o
 .debug_macro   0x00000000000027f4      0x11f ./Core/Inc/ILI9341/ILI9341_GFX.o
 .debug_macro   0x0000000000002913       0x19 ./Core/Inc/ILI9341/ILI9341_GFX.o
 .debug_macro   0x000000000000292c    0x1aa0d ./Core/Inc/ILI9341/ILI9341_GFX.o
 .debug_macro   0x000000000001d339       0x6d ./Core/Inc/ILI9341/ILI9341_GFX.o
 .debug_macro   0x000000000001d3a6     0x3749 ./Core/Inc/ILI9341/ILI9341_GFX.o
 .debug_macro   0x0000000000020aef      0x174 ./Core/Inc/ILI9341/ILI9341_GFX.o
 .debug_macro   0x0000000000020c63       0x63 ./Core/Inc/ILI9341/ILI9341_GFX.o
 .debug_macro   0x0000000000020cc6     0x1add ./Core/Inc/ILI9341/ILI9341_GFX.o
 .debug_macro   0x00000000000227a3      0x6c4 ./Core/Inc/ILI9341/ILI9341_GFX.o
 .debug_macro   0x0000000000022e67      0x18b ./Core/Inc/ILI9341/ILI9341_GFX.o
 .debug_macro   0x0000000000022ff2      0x115 ./Core/Inc/ILI9341/ILI9341_GFX.o
 .debug_macro   0x0000000000023107      0x26e ./Core/Inc/ILI9341/ILI9341_GFX.o
 .debug_macro   0x0000000000023375       0xa5 ./Core/Inc/ILI9341/ILI9341_GFX.o
 .debug_macro   0x000000000002341a      0x24f ./Core/Inc/ILI9341/ILI9341_GFX.o
 .debug_macro   0x0000000000023669       0x71 ./Core/Inc/ILI9341/ILI9341_GFX.o
 .debug_macro   0x00000000000236da       0x58 ./Core/Inc/ILI9341/ILI9341_GFX.o
 .debug_macro   0x0000000000023732      0x236 ./Core/Inc/ILI9341/ILI9341_GFX.o
 .debug_macro   0x0000000000023968      0x416 ./Core/Inc/ILI9341/ILI9341_GFX.o
 .debug_macro   0x0000000000023d7e      0x153 ./Core/Inc/ILI9341/ILI9341_GFX.o
 .debug_macro   0x0000000000023ed1      0x107 ./Core/Inc/ILI9341/ILI9341_GFX.o
 .debug_macro   0x0000000000023fd8      0x14e ./Core/Inc/ILI9341/ILI9341_GFX.o
 .debug_macro   0x0000000000024126      0x3db ./Core/Inc/ILI9341/ILI9341_GFX.o
 .debug_macro   0x0000000000024501       0x12 ./Core/Inc/ILI9341/ILI9341_GFX.o
 .debug_macro   0x0000000000024513      0x22c ./Core/Inc/ILI9341/ILI9341_GFX.o
 .debug_macro   0x000000000002473f       0x61 ./Core/Inc/ILI9341/ILI9341_GFX.o
 .debug_macro   0x00000000000247a0       0xa5 ./Core/Inc/ILI9341/ILI9341_GFX.o
 .debug_macro   0x0000000000024845      0x12e ./Core/Inc/ILI9341/ILI9341_GFX.o
 .debug_macro   0x0000000000024973      0x108 ./Core/Inc/ILI9341/ILI9341_GFX.o
 .debug_macro   0x0000000000024a7b       0x35 ./Core/Inc/ILI9341/ILI9341_GFX.o
 .debug_macro   0x0000000000024ab0      0x2fe ./Core/Inc/ILI9341/ILI9341_GFX.o
 .debug_macro   0x0000000000024dae      0xa8a ./Core/Inc/ILI9341/ILI9341_GFX.o
 .debug_macro   0x0000000000025838       0xa9 ./Core/Inc/ILI9341/ILI9341_GFX.o
 .debug_macro   0x00000000000258e1      0x15b ./Core/Inc/ILI9341/ILI9341_GFX.o
 .debug_macro   0x0000000000025a3c       0xd0 ./Core/Inc/ILI9341/ILI9341_GFX.o
 .debug_macro   0x0000000000025b0c       0x16 ./Core/Inc/ILI9341/ILI9341_GFX.o
 .debug_macro   0x0000000000025b22       0x16 ./Core/Inc/ILI9341/ILI9341_GFX.o
 .debug_macro   0x0000000000025b38       0xe2 ./Core/Inc/ILI9341/ILI9341_GFX.o
 .debug_macro   0x0000000000025c1a      0x229 ./Core/Inc/ILI9341/ILI9341_STM32_Driver.o
 .debug_macro   0x0000000000025e43      0x20c ./Core/Inc/ILI9341/ILI9341_Touchscreen.o
 .debug_macro   0x000000000002604f       0x8f ./Core/Inc/ILI9341/ILI9341_Touchscreen.o
 .debug_macro   0x00000000000260de      0x216 ./Core/Src/adc.o
 .debug_macro   0x00000000000262f4       0xdc ./Core/Src/adc.o
 .debug_macro   0x00000000000263d0      0x216 ./Core/Src/gpio.o
 .debug_macro   0x00000000000265e6      0x418 ./Core/Src/main.o
 .debug_macro   0x00000000000269fe       0x52 ./Core/Src/main.o
 .debug_macro   0x0000000000026a50       0x1d ./Core/Src/main.o
 .debug_macro   0x0000000000026a6d       0x3c ./Core/Src/main.o
 .debug_macro   0x0000000000026aa9       0x34 ./Core/Src/main.o
 .debug_macro   0x0000000000026add       0x16 ./Core/Src/main.o
 .debug_macro   0x0000000000026af3       0x35 ./Core/Src/main.o
 .debug_macro   0x0000000000026b28      0x341 ./Core/Src/main.o
 .debug_macro   0x0000000000026e69       0x10 ./Core/Src/main.o
 .debug_macro   0x0000000000026e79       0x16 ./Core/Src/main.o
 .debug_macro   0x0000000000026e8f       0x43 ./Core/Src/main.o
 .debug_macro   0x0000000000026ed2       0x34 ./Core/Src/main.o
 .debug_macro   0x0000000000026f06       0x10 ./Core/Src/main.o
 .debug_macro   0x0000000000026f16       0x58 ./Core/Src/main.o
 .debug_macro   0x0000000000026f6e       0x71 ./Core/Src/main.o
 .debug_macro   0x0000000000026fdf       0x1c ./Core/Src/main.o
 .debug_macro   0x0000000000026ffb      0x12a ./Core/Src/main.o
 .debug_macro   0x0000000000027125       0x10 ./Core/Src/main.o
 .debug_macro   0x0000000000027135       0x1c ./Core/Src/main.o
 .debug_macro   0x0000000000027151       0x52 ./Core/Src/main.o
 .debug_macro   0x00000000000271a3       0x22 ./Core/Src/main.o
 .debug_macro   0x00000000000271c5       0x10 ./Core/Src/main.o
 .debug_macro   0x00000000000271d5       0x52 ./Core/Src/main.o
 .debug_macro   0x0000000000027227       0xd5 ./Core/Src/main.o
 .debug_macro   0x00000000000272fc       0x1c ./Core/Src/main.o
 .debug_macro   0x0000000000027318       0x3d ./Core/Src/main.o
 .debug_macro   0x0000000000027355       0x16 ./Core/Src/main.o
 .debug_macro   0x000000000002736b      0x145 ./Core/Src/main.o
 .debug_macro   0x00000000000274b0       0x16 ./Core/Src/main.o
 .debug_macro   0x00000000000274c6       0x20 ./Core/Src/main.o
 .debug_macro   0x00000000000274e6       0x95 ./Core/Src/main.o
 .debug_macro   0x000000000002757b       0xd6 ./Core/Src/main.o
 .debug_macro   0x0000000000027651      0x216 ./Core/Src/spi.o
 .debug_macro   0x0000000000027867      0x20c ./Core/Src/stm32f7xx_hal_msp.o
 .debug_macro   0x0000000000027a73      0x216 ./Core/Src/stm32f7xx_it.o
 .debug_macro   0x0000000000027c89       0xff ./Core/Src/sysmem.o
 .debug_macro   0x0000000000027d88      0x23b ./Core/Src/sysmem.o
 .debug_macro   0x0000000000027fc3      0x1fd ./Core/Src/system_stm32f7xx.o
 .debug_macro   0x00000000000281c0      0x216 ./Core/Src/tim.o
 .debug_macro   0x00000000000283d6      0x221 ./Drivers/STM32F7xx_HAL_Driver/Src/stm32f7xx_hal.o
 .debug_macro   0x00000000000285f7      0x1fe ./Drivers/STM32F7xx_HAL_Driver/Src/stm32f7xx_hal_adc.o
 .debug_macro   0x00000000000287f5      0x1fd ./Drivers/STM32F7xx_HAL_Driver/Src/stm32f7xx_hal_adc_ex.o
 .debug_macro   0x00000000000289f2      0x1fd ./Drivers/STM32F7xx_HAL_Driver/Src/stm32f7xx_hal_cortex.o
 .debug_macro   0x0000000000028bef      0x203 ./Drivers/STM32F7xx_HAL_Driver/Src/stm32f7xx_hal_gpio.o
 .debug_macro   0x0000000000028df2      0x215 ./Drivers/STM32F7xx_HAL_Driver/Src/stm32f7xx_hal_pwr_ex.o
 .debug_macro   0x0000000000029007      0x221 ./Drivers/STM32F7xx_HAL_Driver/Src/stm32f7xx_hal_rcc.o
 .debug_macro   0x0000000000029228      0x20c ./Drivers/STM32F7xx_HAL_Driver/Src/stm32f7xx_hal_spi.o
 .debug_macro   0x0000000000029434      0x1fe ./Drivers/STM32F7xx_HAL_Driver/Src/stm32f7xx_hal_tim.o
 .debug_macro   0x0000000000029632      0x1fd ./Drivers/STM32F7xx_HAL_Driver/Src/stm32f7xx_hal_tim_ex.o

.debug_line     0x0000000000000000    0x140bf
 .debug_line    0x0000000000000000      0xb61 ./Core/Inc/ILI9341/ILI9341_GFX.o
 .debug_line    0x0000000000000b61      0xaa2 ./Core/Inc/ILI9341/ILI9341_STM32_Driver.o
 .debug_line    0x0000000000001603      0x854 ./Core/Inc/ILI9341/ILI9341_Touchscreen.o
 .debug_line    0x0000000000001e57      0x7a0 ./Core/Src/adc.o
 .debug_line    0x00000000000025f7      0x780 ./Core/Src/gpio.o
 .debug_line    0x0000000000002d77     0x12d0 ./Core/Src/main.o
 .debug_line    0x0000000000004047      0x796 ./Core/Src/spi.o
 .debug_line    0x00000000000047dd      0x71d ./Core/Src/stm32f7xx_hal_msp.o
 .debug_line    0x0000000000004efa      0x879 ./Core/Src/stm32f7xx_it.o
 .debug_line    0x0000000000005773      0x4f4 ./Core/Src/sysmem.o
 .debug_line    0x0000000000005c67      0x79d ./Core/Src/system_stm32f7xx.o
 .debug_line    0x0000000000006404      0x84e ./Core/Src/tim.o
 .debug_line    0x0000000000006c52       0x88 ./Core/Startup/startup_stm32f767zitx.o
 .debug_line    0x0000000000006cda      0xa5e ./Drivers/STM32F7xx_HAL_Driver/Src/stm32f7xx_hal.o
 .debug_line    0x0000000000007738     0x1266 ./Drivers/STM32F7xx_HAL_Driver/Src/stm32f7xx_hal_adc.o
 .debug_line    0x000000000000899e      0xea0 ./Drivers/STM32F7xx_HAL_Driver/Src/stm32f7xx_hal_adc_ex.o
 .debug_line    0x000000000000983e      0xcb4 ./Drivers/STM32F7xx_HAL_Driver/Src/stm32f7xx_hal_cortex.o
 .debug_line    0x000000000000a4f2      0xba2 ./Drivers/STM32F7xx_HAL_Driver/Src/stm32f7xx_hal_gpio.o
 .debug_line    0x000000000000b094      0x9a3 ./Drivers/STM32F7xx_HAL_Driver/Src/stm32f7xx_hal_pwr_ex.o
 .debug_line    0x000000000000ba37      0xe9e ./Drivers/STM32F7xx_HAL_Driver/Src/stm32f7xx_hal_rcc.o
 .debug_line    0x000000000000c8d5     0x1f8c ./Drivers/STM32F7xx_HAL_Driver/Src/stm32f7xx_hal_spi.o
 .debug_line    0x000000000000e861     0x3c52 ./Drivers/STM32F7xx_HAL_Driver/Src/stm32f7xx_hal_tim.o
 .debug_line    0x00000000000124b3     0x1c0c ./Drivers/STM32F7xx_HAL_Driver/Src/stm32f7xx_hal_tim_ex.o

.debug_str      0x0000000000000000    0xfe8fb
 .debug_str     0x0000000000000000    0xf6219 ./Core/Inc/ILI9341/ILI9341_GFX.o
                                      0xf696f (size before relaxing)
 .debug_str     0x00000000000f6219      0x1d2 ./Core/Inc/ILI9341/ILI9341_STM32_Driver.o
                                      0xf6934 (size before relaxing)
 .debug_str     0x00000000000f63eb      0x270 ./Core/Inc/ILI9341/ILI9341_Touchscreen.o
                                      0xf5f47 (size before relaxing)
 .debug_str     0x00000000000f665b      0x9a3 ./Core/Src/adc.o
                                      0xf6c51 (size before relaxing)
 .debug_str     0x00000000000f6ffe       0x13 ./Core/Src/gpio.o
                                      0xf67cb (size before relaxing)
 .debug_str     0x00000000000f7011     0x458a ./Core/Src/main.o
                                      0xfb080 (size before relaxing)
 .debug_str     0x00000000000fb59b       0x4b ./Core/Src/spi.o
                                      0xf6601 (size before relaxing)
 .debug_str     0x00000000000fb5e6       0x2c ./Core/Src/stm32f7xx_hal_msp.o
                                      0xf608f (size before relaxing)
 .debug_str     0x00000000000fb612      0x147 ./Core/Src/stm32f7xx_it.o
                                      0xf6542 (size before relaxing)
 .debug_str     0x00000000000fb759      0x4da ./Core/Src/sysmem.o
                                       0x5e08 (size before relaxing)
 .debug_str     0x00000000000fbc33       0x87 ./Core/Src/system_stm32f7xx.o
                                      0xf5ef8 (size before relaxing)
 .debug_str     0x00000000000fbcba      0x1f0 ./Core/Src/tim.o
                                      0xf68e4 (size before relaxing)
 .debug_str     0x00000000000fbeaa       0x36 ./Core/Startup/startup_stm32f767zitx.o
                                         0x81 (size before relaxing)
 .debug_str     0x00000000000fbee0      0x454 ./Drivers/STM32F7xx_HAL_Driver/Src/stm32f7xx_hal.o
                                      0xf6960 (size before relaxing)
 .debug_str     0x00000000000fc334      0x267 ./Drivers/STM32F7xx_HAL_Driver/Src/stm32f7xx_hal_adc.o
                                      0xf63f1 (size before relaxing)
 .debug_str     0x00000000000fc59b      0x2df ./Drivers/STM32F7xx_HAL_Driver/Src/stm32f7xx_hal_adc_ex.o
                                      0xf6445 (size before relaxing)
 .debug_str     0x00000000000fc87a      0x306 ./Drivers/STM32F7xx_HAL_Driver/Src/stm32f7xx_hal_cortex.o
                                      0xf68e8 (size before relaxing)
 .debug_str     0x00000000000fcb80       0xc8 ./Drivers/STM32F7xx_HAL_Driver/Src/stm32f7xx_hal_gpio.o
                                      0xf5fb6 (size before relaxing)
 .debug_str     0x00000000000fcc48      0x1d1 ./Drivers/STM32F7xx_HAL_Driver/Src/stm32f7xx_hal_pwr_ex.o
                                      0xf6167 (size before relaxing)
 .debug_str     0x00000000000fce19      0x23d ./Drivers/STM32F7xx_HAL_Driver/Src/stm32f7xx_hal_rcc.o
                                      0xf6273 (size before relaxing)
 .debug_str     0x00000000000fd056      0x5ad ./Drivers/STM32F7xx_HAL_Driver/Src/stm32f7xx_hal_spi.o
                                      0xf6738 (size before relaxing)
 .debug_str     0x00000000000fd603      0xd7e ./Drivers/STM32F7xx_HAL_Driver/Src/stm32f7xx_hal_tim.o
                                      0xf720b (size before relaxing)
 .debug_str     0x00000000000fe381      0x57a ./Drivers/STM32F7xx_HAL_Driver/Src/stm32f7xx_hal_tim_ex.o
                                      0xf6b21 (size before relaxing)

.comment        0x0000000000000000       0x50
 .comment       0x0000000000000000       0x50 ./Core/Inc/ILI9341/ILI9341_GFX.o
                                         0x51 (size before relaxing)
 .comment       0x0000000000000050       0x51 ./Core/Inc/ILI9341/ILI9341_STM32_Driver.o
 .comment       0x0000000000000050       0x51 ./Core/Inc/ILI9341/ILI9341_Touchscreen.o
 .comment       0x0000000000000050       0x51 ./Core/Src/adc.o
 .comment       0x0000000000000050       0x51 ./Core/Src/gpio.o
 .comment       0x0000000000000050       0x51 ./Core/Src/main.o
 .comment       0x0000000000000050       0x51 ./Core/Src/spi.o
 .comment       0x0000000000000050       0x51 ./Core/Src/stm32f7xx_hal_msp.o
 .comment       0x0000000000000050       0x51 ./Core/Src/stm32f7xx_it.o
 .comment       0x0000000000000050       0x51 ./Core/Src/sysmem.o
 .comment       0x0000000000000050       0x51 ./Core/Src/system_stm32f7xx.o
 .comment       0x0000000000000050       0x51 ./Core/Src/tim.o
 .comment       0x0000000000000050       0x51 ./Drivers/STM32F7xx_HAL_Driver/Src/stm32f7xx_hal.o
 .comment       0x0000000000000050       0x51 ./Drivers/STM32F7xx_HAL_Driver/Src/stm32f7xx_hal_adc.o
 .comment       0x0000000000000050       0x51 ./Drivers/STM32F7xx_HAL_Driver/Src/stm32f7xx_hal_adc_ex.o
 .comment       0x0000000000000050       0x51 ./Drivers/STM32F7xx_HAL_Driver/Src/stm32f7xx_hal_cortex.o
 .comment       0x0000000000000050       0x51 ./Drivers/STM32F7xx_HAL_Driver/Src/stm32f7xx_hal_gpio.o
 .comment       0x0000000000000050       0x51 ./Drivers/STM32F7xx_HAL_Driver/Src/stm32f7xx_hal_pwr_ex.o
 .comment       0x0000000000000050       0x51 ./Drivers/STM32F7xx_HAL_Driver/Src/stm32f7xx_hal_rcc.o
 .comment       0x0000000000000050       0x51 ./Drivers/STM32F7xx_HAL_Driver/Src/stm32f7xx_hal_spi.o
 .comment       0x0000000000000050       0x51 ./Drivers/STM32F7xx_HAL_Driver/Src/stm32f7xx_hal_tim.o
 .comment       0x0000000000000050       0x51 ./Drivers/STM32F7xx_HAL_Driver/Src/stm32f7xx_hal_tim_ex.o

.debug_frame    0x0000000000000000     0x43b0
 .debug_frame   0x0000000000000000      0x128 ./Core/Inc/ILI9341/ILI9341_GFX.o
 .debug_frame   0x0000000000000128      0x24c ./Core/Inc/ILI9341/ILI9341_STM32_Driver.o
 .debug_frame   0x0000000000000374       0x98 ./Core/Inc/ILI9341/ILI9341_Touchscreen.o
 .debug_frame   0x000000000000040c       0x7c ./Core/Src/adc.o
 .debug_frame   0x0000000000000488       0x34 ./Core/Src/gpio.o
 .debug_frame   0x00000000000004bc      0x1c0 ./Core/Src/main.o
 .debug_frame   0x000000000000067c       0x74 ./Core/Src/spi.o
 .debug_frame   0x00000000000006f0       0x38 ./Core/Src/stm32f7xx_hal_msp.o
 .debug_frame   0x0000000000000728      0x160 ./Core/Src/stm32f7xx_it.o
 .debug_frame   0x0000000000000888       0x34 ./Core/Src/sysmem.o
 .debug_frame   0x00000000000008bc       0x58 ./Core/Src/system_stm32f7xx.o
 .debug_frame   0x0000000000000914       0xcc ./Core/Src/tim.o
 .debug_frame   0x00000000000009e0      0x3f4 ./Drivers/STM32F7xx_HAL_Driver/Src/stm32f7xx_hal.o
 .debug_frame   0x0000000000000dd4      0x3fc ./Drivers/STM32F7xx_HAL_Driver/Src/stm32f7xx_hal_adc.o
 .debug_frame   0x00000000000011d0      0x250 ./Drivers/STM32F7xx_HAL_Driver/Src/stm32f7xx_hal_adc_ex.o
 .debug_frame   0x0000000000001420      0x498 ./Drivers/STM32F7xx_HAL_Driver/Src/stm32f7xx_hal_cortex.o
 .debug_frame   0x00000000000018b8      0x14c ./Drivers/STM32F7xx_HAL_Driver/Src/stm32f7xx_hal_gpio.o
 .debug_frame   0x0000000000001a04      0x1c8 ./Drivers/STM32F7xx_HAL_Driver/Src/stm32f7xx_hal_pwr_ex.o
 .debug_frame   0x0000000000001bcc      0x1f8 ./Drivers/STM32F7xx_HAL_Driver/Src/stm32f7xx_hal_rcc.o